[2020-12-19T16:20:54.233+0100][gc] Using G1
[2020-12-19T16:20:54.257+0100][gc,init] Version: 15.0.1+9-18 (release)
[2020-12-19T16:20:54.257+0100][gc,init] CPUs: 4 total, 4 available
[2020-12-19T16:20:54.257+0100][gc,init] Memory: 3908M
[2020-12-19T16:20:54.257+0100][gc,init] Large Page Support: Disabled
[2020-12-19T16:20:54.257+0100][gc,init] NUMA Support: Disabled
[2020-12-19T16:20:54.257+0100][gc,init] Compressed Oops: Enabled (32-bit)
[2020-12-19T16:20:54.257+0100][gc,init] Heap Region Size: 1M
[2020-12-19T16:20:54.257+0100][gc,init] Heap Min Capacity: 1G
[2020-12-19T16:20:54.257+0100][gc,init] Heap Initial Capacity: 1G
[2020-12-19T16:20:54.257+0100][gc,init] Heap Max Capacity: 1G
[2020-12-19T16:20:54.257+0100][gc,init] Pre-touch: Disabled
[2020-12-19T16:20:54.257+0100][gc,init] Parallel Workers: 4
[2020-12-19T16:20:54.257+0100][gc,init] Concurrent Workers: 1
[2020-12-19T16:20:54.257+0100][gc,init] Concurrent Refinement Workers: 4
[2020-12-19T16:20:54.257+0100][gc,init] Periodic GC: Disabled
[2020-12-19T16:20:54.258+0100][gc,cds ] Mark closed archive regions in map: [0x00000000fff00000, 0x00000000fff7bff8]
[2020-12-19T16:20:54.258+0100][gc,cds ] Mark open archive regions in map: [0x00000000ffe00000, 0x00000000ffe51ff8]
[2020-12-19T16:20:54.258+0100][gc,metaspace] CDS archive(s) mapped at: [0x0000000800000000-0x0000000800b35000-0x0000000800b35000), size 11751424, SharedBaseAddress: 0x0000000800000000, ArchiveRelocationMode: 0.
[2020-12-19T16:20:54.258+0100][gc,metaspace] Compressed class space mapped at: 0x0000000800b38000-0x0000000840b38000, size: 1073741824
[2020-12-19T16:20:54.258+0100][gc,metaspace] Narrow klass base: 0x0000000800000000, Narrow klass shift: 3, Narrow klass range: 0x100000000
[2020-12-19T16:20:56.255+0100][gc,start    ] GC(0) Pause Young (Normal) (G1 Evacuation Pause)
[2020-12-19T16:20:56.257+0100][gc,task     ] GC(0) Using 4 workers of 4 for evacuation
[2020-12-19T16:20:56.272+0100][gc,phases   ] GC(0)   Pre Evacuate Collection Set: 0,3ms
[2020-12-19T16:20:56.272+0100][gc,phases   ] GC(0)   Merge Heap Roots: 0,1ms
[2020-12-19T16:20:56.272+0100][gc,phases   ] GC(0)   Evacuate Collection Set: 12,9ms
[2020-12-19T16:20:56.272+0100][gc,phases   ] GC(0)   Post Evacuate Collection Set: 1,7ms
[2020-12-19T16:20:56.272+0100][gc,phases   ] GC(0)   Other: 1,5ms
[2020-12-19T16:20:56.272+0100][gc,heap     ] GC(0) Eden regions: 51->0(44)
[2020-12-19T16:20:56.272+0100][gc,heap     ] GC(0) Survivor regions: 0->7(7)
[2020-12-19T16:20:56.272+0100][gc,heap     ] GC(0) Old regions: 0->0
[2020-12-19T16:20:56.272+0100][gc,heap     ] GC(0) Archive regions: 2->2
[2020-12-19T16:20:56.272+0100][gc,heap     ] GC(0) Humongous regions: 0->0
[2020-12-19T16:20:56.272+0100][gc,metaspace] GC(0) Metaspace: 18376K(18944K)->18376K(18944K) NonClass: 16195K(16640K)->16195K(16640K) Class: 2181K(2304K)->2181K(2304K)
[2020-12-19T16:20:56.272+0100][gc          ] GC(0) Pause Young (Normal) (G1 Evacuation Pause) 51M->7M(1024M) 16,529ms
[2020-12-19T16:20:56.272+0100][gc,cpu      ] GC(0) User=0,01s Sys=0,01s Real=0,02s
[2020-12-19T16:20:56.707+0100][gc,start    ] GC(1) Pause Young (Concurrent Start) (Metadata GC Threshold)
[2020-12-19T16:20:56.707+0100][gc,task     ] GC(1) Using 4 workers of 4 for evacuation
[2020-12-19T16:20:56.716+0100][gc,phases   ] GC(1)   Pre Evacuate Collection Set: 0,2ms
[2020-12-19T16:20:56.716+0100][gc,phases   ] GC(1)   Merge Heap Roots: 0,1ms
[2020-12-19T16:20:56.716+0100][gc,phases   ] GC(1)   Evacuate Collection Set: 8,0ms
[2020-12-19T16:20:56.716+0100][gc,phases   ] GC(1)   Post Evacuate Collection Set: 0,5ms
[2020-12-19T16:20:56.716+0100][gc,phases   ] GC(1)   Other: 0,3ms
[2020-12-19T16:20:56.716+0100][gc,heap     ] GC(1) Eden regions: 11->0(49)
[2020-12-19T16:20:56.716+0100][gc,heap     ] GC(1) Survivor regions: 7->2(7)
[2020-12-19T16:20:56.716+0100][gc,heap     ] GC(1) Old regions: 0->7
[2020-12-19T16:20:56.716+0100][gc,heap     ] GC(1) Archive regions: 2->2
[2020-12-19T16:20:56.716+0100][gc,heap     ] GC(1) Humongous regions: 129->129
[2020-12-19T16:20:56.716+0100][gc,metaspace] GC(1) Metaspace: 20711K(21248K)->20711K(21248K) NonClass: 18266K(18688K)->18266K(18688K) Class: 2444K(2560K)->2444K(2560K)
[2020-12-19T16:20:56.716+0100][gc          ] GC(1) Pause Young (Concurrent Start) (Metadata GC Threshold) 146M->137M(1024M) 9,168ms
[2020-12-19T16:20:56.716+0100][gc,cpu      ] GC(1) User=0,01s Sys=0,01s Real=0,01s
[2020-12-19T16:20:56.716+0100][gc          ] GC(2) Concurrent Cycle
[2020-12-19T16:20:56.716+0100][gc,marking  ] GC(2) Concurrent Clear Claimed Marks
[2020-12-19T16:20:56.716+0100][gc,marking  ] GC(2) Concurrent Clear Claimed Marks 0,020ms
[2020-12-19T16:20:56.716+0100][gc,marking  ] GC(2) Concurrent Scan Root Regions
[2020-12-19T16:20:56.723+0100][gc,marking  ] GC(2) Concurrent Scan Root Regions 6,797ms
[2020-12-19T16:20:56.723+0100][gc,marking  ] GC(2) Concurrent Mark (2,499s)
[2020-12-19T16:20:56.723+0100][gc,marking  ] GC(2) Concurrent Mark From Roots
[2020-12-19T16:20:56.723+0100][gc,task     ] GC(2) Using 1 workers of 1 for marking
[2020-12-19T16:20:56.726+0100][gc,marking  ] GC(2) Concurrent Mark From Roots 2,729ms
[2020-12-19T16:20:56.726+0100][gc,marking  ] GC(2) Concurrent Preclean
[2020-12-19T16:20:56.726+0100][gc,marking  ] GC(2) Concurrent Preclean 0,170ms
[2020-12-19T16:20:56.726+0100][gc,marking  ] GC(2) Concurrent Mark (2,499s, 2,502s) 2,957ms
[2020-12-19T16:20:56.726+0100][gc,start    ] GC(2) Pause Remark
[2020-12-19T16:20:56.729+0100][gc          ] GC(2) Pause Remark 138M->138M(1024M) 3,281ms
[2020-12-19T16:20:56.729+0100][gc,cpu      ] GC(2) User=0,00s Sys=0,01s Real=0,00s
[2020-12-19T16:20:56.729+0100][gc,marking  ] GC(2) Concurrent Rebuild Remembered Sets
[2020-12-19T16:20:56.735+0100][gc,marking  ] GC(2) Concurrent Rebuild Remembered Sets 5,398ms
[2020-12-19T16:20:56.736+0100][gc,start    ] GC(2) Pause Cleanup
[2020-12-19T16:20:56.736+0100][gc          ] GC(2) Pause Cleanup 138M->138M(1024M) 0,284ms
[2020-12-19T16:20:56.736+0100][gc,cpu      ] GC(2) User=0,00s Sys=0,00s Real=0,00s
[2020-12-19T16:20:56.736+0100][gc,marking  ] GC(2) Concurrent Cleanup for Next Mark
[2020-12-19T16:20:56.751+0100][gc,marking  ] GC(2) Concurrent Cleanup for Next Mark 15,315ms
[2020-12-19T16:20:56.751+0100][gc          ] GC(2) Concurrent Cycle 35,447ms
[2020-12-19T16:20:57.779+0100][gc,start    ] GC(3) Pause Young (Normal) (G1 Evacuation Pause)
[2020-12-19T16:20:57.779+0100][gc,task     ] GC(3) Using 4 workers of 4 for evacuation
[2020-12-19T16:20:57.786+0100][gc,phases   ] GC(3)   Pre Evacuate Collection Set: 0,2ms
[2020-12-19T16:20:57.786+0100][gc,phases   ] GC(3)   Merge Heap Roots: 0,2ms
[2020-12-19T16:20:57.786+0100][gc,phases   ] GC(3)   Evacuate Collection Set: 5,7ms
[2020-12-19T16:20:57.786+0100][gc,phases   ] GC(3)   Post Evacuate Collection Set: 0,7ms
[2020-12-19T16:20:57.786+0100][gc,phases   ] GC(3)   Other: 0,1ms
[2020-12-19T16:20:57.786+0100][gc,heap     ] GC(3) Eden regions: 49->0(46)
[2020-12-19T16:20:57.786+0100][gc,heap     ] GC(3) Survivor regions: 2->5(7)
[2020-12-19T16:20:57.786+0100][gc,heap     ] GC(3) Old regions: 7->7
[2020-12-19T16:20:57.786+0100][gc,heap     ] GC(3) Archive regions: 2->2
[2020-12-19T16:20:57.786+0100][gc,heap     ] GC(3) Humongous regions: 129->129
[2020-12-19T16:20:57.786+0100][gc,metaspace] GC(3) Metaspace: 32391K(33280K)->32391K(33280K) NonClass: 28931K(29696K)->28931K(29696K) Class: 3459K(3584K)->3459K(3584K)
[2020-12-19T16:20:57.786+0100][gc          ] GC(3) Pause Young (Normal) (G1 Evacuation Pause) 186M->141M(1024M) 7,060ms
[2020-12-19T16:20:57.786+0100][gc,cpu      ] GC(3) User=0,02s Sys=0,00s Real=0,01s
[2020-12-19T16:21:08.333+0100][gc,start    ] GC(4) Pause Young (Concurrent Start) (Metadata GC Threshold)
[2020-12-19T16:21:08.333+0100][gc,task     ] GC(4) Using 4 workers of 4 for evacuation
[2020-12-19T16:21:08.339+0100][gc,phases   ] GC(4)   Pre Evacuate Collection Set: 0,3ms
[2020-12-19T16:21:08.339+0100][gc,phases   ] GC(4)   Merge Heap Roots: 0,1ms
[2020-12-19T16:21:08.339+0100][gc,phases   ] GC(4)   Evacuate Collection Set: 4,9ms
[2020-12-19T16:21:08.339+0100][gc,phases   ] GC(4)   Post Evacuate Collection Set: 0,5ms
[2020-12-19T16:21:08.339+0100][gc,phases   ] GC(4)   Other: 0,2ms
[2020-12-19T16:21:08.339+0100][gc,heap     ] GC(4) Eden regions: 13->0(50)
[2020-12-19T16:21:08.339+0100][gc,heap     ] GC(4) Survivor regions: 5->1(7)
[2020-12-19T16:21:08.339+0100][gc,heap     ] GC(4) Old regions: 7->12
[2020-12-19T16:21:08.339+0100][gc,heap     ] GC(4) Archive regions: 2->2
[2020-12-19T16:21:08.339+0100][gc,heap     ] GC(4) Humongous regions: 129->129
[2020-12-19T16:21:08.339+0100][gc,metaspace] GC(4) Metaspace: 34929K(35840K)->34929K(35840K) NonClass: 31086K(31872K)->31086K(31872K) Class: 3842K(3968K)->3842K(3968K)
[2020-12-19T16:21:08.339+0100][gc          ] GC(4) Pause Young (Concurrent Start) (Metadata GC Threshold) 153M->141M(1024M) 6,060ms
[2020-12-19T16:21:08.339+0100][gc,cpu      ] GC(4) User=0,02s Sys=0,01s Real=0,00s
[2020-12-19T16:21:08.339+0100][gc          ] GC(5) Concurrent Cycle
[2020-12-19T16:21:08.339+0100][gc,marking  ] GC(5) Concurrent Clear Claimed Marks
[2020-12-19T16:21:08.339+0100][gc,marking  ] GC(5) Concurrent Clear Claimed Marks 0,030ms
[2020-12-19T16:21:08.339+0100][gc,marking  ] GC(5) Concurrent Scan Root Regions
[2020-12-19T16:21:08.344+0100][gc,marking  ] GC(5) Concurrent Scan Root Regions 4,738ms
[2020-12-19T16:21:08.344+0100][gc,marking  ] GC(5) Concurrent Mark (14,120s)
[2020-12-19T16:21:08.344+0100][gc,marking  ] GC(5) Concurrent Mark From Roots
[2020-12-19T16:21:08.344+0100][gc,task     ] GC(5) Using 1 workers of 1 for marking
[2020-12-19T16:21:08.364+0100][gc,marking  ] GC(5) Concurrent Mark From Roots 20,313ms
[2020-12-19T16:21:08.365+0100][gc,marking  ] GC(5) Concurrent Preclean
[2020-12-19T16:21:08.365+0100][gc,marking  ] GC(5) Concurrent Preclean 0,125ms
[2020-12-19T16:21:08.365+0100][gc,marking  ] GC(5) Concurrent Mark (14,120s, 14,141s) 20,496ms
[2020-12-19T16:21:08.365+0100][gc,start    ] GC(5) Pause Remark
[2020-12-19T16:21:08.367+0100][gc          ] GC(5) Pause Remark 142M->142M(1024M) 1,897ms
[2020-12-19T16:21:08.367+0100][gc,cpu      ] GC(5) User=0,00s Sys=0,00s Real=0,00s
[2020-12-19T16:21:08.367+0100][gc,marking  ] GC(5) Concurrent Rebuild Remembered Sets
[2020-12-19T16:21:08.379+0100][gc,marking  ] GC(5) Concurrent Rebuild Remembered Sets 12,501ms
[2020-12-19T16:21:08.380+0100][gc,start    ] GC(5) Pause Cleanup
[2020-12-19T16:21:08.380+0100][gc          ] GC(5) Pause Cleanup 142M->142M(1024M) 0,295ms
[2020-12-19T16:21:08.380+0100][gc,cpu      ] GC(5) User=0,00s Sys=0,00s Real=0,00s
[2020-12-19T16:21:08.380+0100][gc,marking  ] GC(5) Concurrent Cleanup for Next Mark
[2020-12-19T16:21:08.395+0100][gc,marking  ] GC(5) Concurrent Cleanup for Next Mark 15,260ms
[2020-12-19T16:21:08.395+0100][gc          ] GC(5) Concurrent Cycle 56,171ms
[2020-12-19T16:28:31.270+0100][gc,start    ] GC(6) Pause Young (Normal) (G1 Evacuation Pause)
[2020-12-19T16:28:31.271+0100][gc,task     ] GC(6) Using 4 workers of 4 for evacuation
[2020-12-19T16:28:31.283+0100][gc,phases   ] GC(6)   Pre Evacuate Collection Set: 0,6ms
[2020-12-19T16:28:31.283+0100][gc,phases   ] GC(6)   Merge Heap Roots: 0,2ms
[2020-12-19T16:28:31.283+0100][gc,phases   ] GC(6)   Evacuate Collection Set: 7,2ms
[2020-12-19T16:28:31.283+0100][gc,phases   ] GC(6)   Post Evacuate Collection Set: 2,4ms
[2020-12-19T16:28:31.283+0100][gc,phases   ] GC(6)   Other: 3,9ms
[2020-12-19T16:28:31.283+0100][gc,heap     ] GC(6) Eden regions: 50->0(47)
[2020-12-19T16:28:31.283+0100][gc,heap     ] GC(6) Survivor regions: 1->4(7)
[2020-12-19T16:28:31.283+0100][gc,heap     ] GC(6) Old regions: 12->12
[2020-12-19T16:28:31.283+0100][gc,heap     ] GC(6) Archive regions: 2->2
[2020-12-19T16:28:31.283+0100][gc,heap     ] GC(6) Humongous regions: 129->129
[2020-12-19T16:28:31.283+0100][gc,metaspace] GC(6) Metaspace: 38677K(39552K)->38677K(39552K) NonClass: 34477K(35072K)->34477K(35072K) Class: 4200K(4480K)->4200K(4480K)
[2020-12-19T16:28:31.283+0100][gc          ] GC(6) Pause Young (Normal) (G1 Evacuation Pause) 191M->144M(1024M) 13,883ms
[2020-12-19T16:28:31.283+0100][gc,cpu      ] GC(6) User=0,02s Sys=0,00s Real=0,02s
[2020-12-19T16:43:28.353+0100][gc,start    ] GC(7) Pause Young (Normal) (G1 Evacuation Pause)
[2020-12-19T16:43:28.355+0100][gc,task     ] GC(7) Using 4 workers of 4 for evacuation
[2020-12-19T16:43:28.369+0100][gc,phases   ] GC(7)   Pre Evacuate Collection Set: 0,5ms
[2020-12-19T16:43:28.369+0100][gc,phases   ] GC(7)   Merge Heap Roots: 0,3ms
[2020-12-19T16:43:28.369+0100][gc,phases   ] GC(7)   Evacuate Collection Set: 10,0ms
[2020-12-19T16:43:28.369+0100][gc,phases   ] GC(7)   Post Evacuate Collection Set: 1,5ms
[2020-12-19T16:43:28.369+0100][gc,phases   ] GC(7)   Other: 3,3ms
[2020-12-19T16:43:28.369+0100][gc,heap     ] GC(7) Eden regions: 47->0(46)
[2020-12-19T16:43:28.369+0100][gc,heap     ] GC(7) Survivor regions: 4->5(7)
[2020-12-19T16:43:28.369+0100][gc,heap     ] GC(7) Old regions: 12->12
[2020-12-19T16:43:28.369+0100][gc,heap     ] GC(7) Archive regions: 2->2
[2020-12-19T16:43:28.369+0100][gc,heap     ] GC(7) Humongous regions: 129->129
[2020-12-19T16:43:28.369+0100][gc,metaspace] GC(7) Metaspace: 38901K(39808K)->38901K(39808K) NonClass: 34691K(35328K)->34691K(35328K) Class: 4210K(4480K)->4210K(4480K)
[2020-12-19T16:43:28.369+0100][gc          ] GC(7) Pause Young (Normal) (G1 Evacuation Pause) 191M->145M(1024M) 15,626ms
[2020-12-19T16:43:28.369+0100][gc,cpu      ] GC(7) User=0,01s Sys=0,01s Real=0,01s
[2020-12-19T16:59:26.512+0100][gc,start    ] GC(8) Pause Young (Normal) (G1 Evacuation Pause)
[2020-12-19T16:59:26.514+0100][gc,task     ] GC(8) Using 4 workers of 4 for evacuation
[2020-12-19T16:59:26.557+0100][gc,mmu      ] GC(8) MMU target violated: 21,0ms (20,0ms/21,0ms)
[2020-12-19T16:59:26.557+0100][gc,phases   ] GC(8)   Pre Evacuate Collection Set: 1,7ms
[2020-12-19T16:59:26.557+0100][gc,phases   ] GC(8)   Merge Heap Roots: 0,5ms
[2020-12-19T16:59:26.557+0100][gc,phases   ] GC(8)   Evacuate Collection Set: 35,3ms
[2020-12-19T16:59:26.557+0100][gc,phases   ] GC(8)   Post Evacuate Collection Set: 5,1ms
[2020-12-19T16:59:26.557+0100][gc,phases   ] GC(8)   Other: 2,5ms
[2020-12-19T16:59:26.557+0100][gc,heap     ] GC(8) Eden regions: 46->0(48)
[2020-12-19T16:59:26.558+0100][gc,heap     ] GC(8) Survivor regions: 5->3(7)
[2020-12-19T16:59:26.558+0100][gc,heap     ] GC(8) Old regions: 12->14
[2020-12-19T16:59:26.558+0100][gc,heap     ] GC(8) Archive regions: 2->2
[2020-12-19T16:59:26.558+0100][gc,heap     ] GC(8) Humongous regions: 129->129
[2020-12-19T16:59:26.558+0100][gc,metaspace] GC(8) Metaspace: 38992K(40064K)->38992K(40064K) NonClass: 34782K(35584K)->34782K(35584K) Class: 4210K(4480K)->4210K(4480K)
[2020-12-19T16:59:26.558+0100][gc          ] GC(8) Pause Young (Normal) (G1 Evacuation Pause) 191M->145M(1024M) 45,521ms
[2020-12-19T16:59:26.558+0100][gc,cpu      ] GC(8) User=0,06s Sys=0,00s Real=0,04s
[2020-12-19T17:10:25.871+0100][gc,start    ] GC(9) Pause Young (Normal) (G1 Evacuation Pause)
[2020-12-19T17:10:25.873+0100][gc,task     ] GC(9) Using 4 workers of 4 for evacuation
[2020-12-19T17:10:25.885+0100][gc,phases   ] GC(9)   Pre Evacuate Collection Set: 0,4ms
[2020-12-19T17:10:25.885+0100][gc,phases   ] GC(9)   Merge Heap Roots: 0,1ms
[2020-12-19T17:10:25.885+0100][gc,phases   ] GC(9)   Evacuate Collection Set: 8,4ms
[2020-12-19T17:10:25.885+0100][gc,phases   ] GC(9)   Post Evacuate Collection Set: 2,6ms
[2020-12-19T17:10:25.885+0100][gc,phases   ] GC(9)   Other: 2,1ms
[2020-12-19T17:10:25.885+0100][gc,heap     ] GC(9) Eden regions: 48->0(48)
[2020-12-19T17:10:25.885+0100][gc,heap     ] GC(9) Survivor regions: 3->3(7)
[2020-12-19T17:10:25.885+0100][gc,heap     ] GC(9) Old regions: 14->14
[2020-12-19T17:10:25.885+0100][gc,heap     ] GC(9) Archive regions: 2->2
[2020-12-19T17:10:25.885+0100][gc,heap     ] GC(9) Humongous regions: 129->129
[2020-12-19T17:10:25.886+0100][gc,metaspace] GC(9) Metaspace: 39473K(40320K)->39473K(40320K) NonClass: 35261K(35840K)->35261K(35840K) Class: 4211K(4480K)->4211K(4480K)
[2020-12-19T17:10:25.886+0100][gc          ] GC(9) Pause Young (Normal) (G1 Evacuation Pause) 193M->146M(1024M) 14,412ms
[2020-12-19T17:10:25.886+0100][gc,cpu      ] GC(9) User=0,01s Sys=0,01s Real=0,02s
[2020-12-19T17:10:33.052+0100][gc,start    ] GC(10) Pause Young (Normal) (G1 Evacuation Pause)
[2020-12-19T17:10:33.052+0100][gc,task     ] GC(10) Using 4 workers of 4 for evacuation
[2020-12-19T17:10:33.063+0100][gc,phases   ] GC(10)   Pre Evacuate Collection Set: 0,3ms
[2020-12-19T17:10:33.063+0100][gc,phases   ] GC(10)   Merge Heap Roots: 0,2ms
[2020-12-19T17:10:33.063+0100][gc,phases   ] GC(10)   Evacuate Collection Set: 6,4ms
[2020-12-19T17:10:33.063+0100][gc,phases   ] GC(10)   Post Evacuate Collection Set: 4,3ms
[2020-12-19T17:10:33.063+0100][gc,phases   ] GC(10)   Other: 0,2ms
[2020-12-19T17:10:33.063+0100][gc,heap     ] GC(10) Eden regions: 48->0(47)
[2020-12-19T17:10:33.063+0100][gc,heap     ] GC(10) Survivor regions: 3->4(7)
[2020-12-19T17:10:33.063+0100][gc,heap     ] GC(10) Old regions: 14->14
[2020-12-19T17:10:33.063+0100][gc,heap     ] GC(10) Archive regions: 2->2
[2020-12-19T17:10:33.063+0100][gc,heap     ] GC(10) Humongous regions: 129->129
[2020-12-19T17:10:33.063+0100][gc,metaspace] GC(10) Metaspace: 39537K(40320K)->39537K(40320K) NonClass: 35325K(35840K)->35325K(35840K) Class: 4211K(4480K)->4211K(4480K)
[2020-12-19T17:10:33.063+0100][gc          ] GC(10) Pause Young (Normal) (G1 Evacuation Pause) 194M->146M(1024M) 11,437ms
[2020-12-19T17:10:33.063+0100][gc,cpu      ] GC(10) User=0,02s Sys=0,00s Real=0,00s
[2020-12-19T17:10:44.136+0100][gc,start    ] GC(11) Pause Young (Normal) (G1 Evacuation Pause)
[2020-12-19T17:10:44.137+0100][gc,task     ] GC(11) Using 4 workers of 4 for evacuation
[2020-12-19T17:10:44.148+0100][gc,phases   ] GC(11)   Pre Evacuate Collection Set: 0,2ms
[2020-12-19T17:10:44.149+0100][gc,phases   ] GC(11)   Merge Heap Roots: 0,1ms
[2020-12-19T17:10:44.149+0100][gc,phases   ] GC(11)   Evacuate Collection Set: 10,7ms
[2020-12-19T17:10:44.149+0100][gc,phases   ] GC(11)   Post Evacuate Collection Set: 0,7ms
[2020-12-19T17:10:44.149+0100][gc,phases   ] GC(11)   Other: 0,4ms
[2020-12-19T17:10:44.149+0100][gc,heap     ] GC(11) Eden regions: 47->0(56)
[2020-12-19T17:10:44.149+0100][gc,heap     ] GC(11) Survivor regions: 4->4(7)
[2020-12-19T17:10:44.149+0100][gc,heap     ] GC(11) Old regions: 14->14
[2020-12-19T17:10:44.149+0100][gc,heap     ] GC(11) Archive regions: 2->2
[2020-12-19T17:10:44.149+0100][gc,heap     ] GC(11) Humongous regions: 129->129
[2020-12-19T17:10:44.149+0100][gc,metaspace] GC(11) Metaspace: 39545K(40320K)->39545K(40320K) NonClass: 35333K(35840K)->35333K(35840K) Class: 4211K(4480K)->4211K(4480K)
[2020-12-19T17:10:44.149+0100][gc          ] GC(11) Pause Young (Normal) (G1 Evacuation Pause) 193M->147M(1024M) 12,341ms
[2020-12-19T17:10:44.149+0100][gc,cpu      ] GC(11) User=0,01s Sys=0,01s Real=0,01s
[2020-12-19T17:10:49.108+0100][gc,start    ] GC(12) Pause Young (Normal) (G1 Evacuation Pause)
[2020-12-19T17:10:49.108+0100][gc,task     ] GC(12) Using 4 workers of 4 for evacuation
[2020-12-19T17:10:49.122+0100][gc,phases   ] GC(12)   Pre Evacuate Collection Set: 0,3ms
[2020-12-19T17:10:49.122+0100][gc,phases   ] GC(12)   Merge Heap Roots: 0,1ms
[2020-12-19T17:10:49.122+0100][gc,phases   ] GC(12)   Evacuate Collection Set: 10,5ms
[2020-12-19T17:10:49.122+0100][gc,phases   ] GC(12)   Post Evacuate Collection Set: 2,7ms
[2020-12-19T17:10:49.122+0100][gc,phases   ] GC(12)   Other: 0,2ms
[2020-12-19T17:10:49.122+0100][gc,heap     ] GC(12) Eden regions: 56->0(61)
[2020-12-19T17:10:49.122+0100][gc,heap     ] GC(12) Survivor regions: 4->5(8)
[2020-12-19T17:10:49.122+0100][gc,heap     ] GC(12) Old regions: 14->14
[2020-12-19T17:10:49.122+0100][gc,heap     ] GC(12) Archive regions: 2->2
[2020-12-19T17:10:49.122+0100][gc,heap     ] GC(12) Humongous regions: 129->129
[2020-12-19T17:10:49.122+0100][gc,metaspace] GC(12) Metaspace: 39547K(40320K)->39547K(40320K) NonClass: 35335K(35840K)->35335K(35840K) Class: 4211K(4480K)->4211K(4480K)
[2020-12-19T17:10:49.122+0100][gc          ] GC(12) Pause Young (Normal) (G1 Evacuation Pause) 203M->148M(1024M) 14,018ms
[2020-12-19T17:10:49.122+0100][gc,cpu      ] GC(12) User=0,02s Sys=0,00s Real=0,01s
[2020-12-19T17:22:21.297+0100][gc,start    ] GC(13) Pause Young (Normal) (G1 Evacuation Pause)
[2020-12-19T17:22:21.298+0100][gc,task     ] GC(13) Using 4 workers of 4 for evacuation
[2020-12-19T17:22:21.335+0100][gc,mmu      ] GC(13) MMU target violated: 21,0ms (20,0ms/21,0ms)
[2020-12-19T17:22:21.335+0100][gc,phases   ] GC(13)   Pre Evacuate Collection Set: 0,8ms
[2020-12-19T17:22:21.335+0100][gc,phases   ] GC(13)   Merge Heap Roots: 1,0ms
[2020-12-19T17:22:21.335+0100][gc,phases   ] GC(13)   Evacuate Collection Set: 25,6ms
[2020-12-19T17:22:21.335+0100][gc,phases   ] GC(13)   Post Evacuate Collection Set: 8,2ms
[2020-12-19T17:22:21.335+0100][gc,phases   ] GC(13)   Other: 3,8ms
[2020-12-19T17:22:21.335+0100][gc,heap     ] GC(13) Eden regions: 61->0(45)
[2020-12-19T17:22:21.335+0100][gc,heap     ] GC(13) Survivor regions: 5->6(9)
[2020-12-19T17:22:21.335+0100][gc,heap     ] GC(13) Old regions: 14->14
[2020-12-19T17:22:21.335+0100][gc,heap     ] GC(13) Archive regions: 2->2
[2020-12-19T17:22:21.335+0100][gc,heap     ] GC(13) Humongous regions: 129->129
[2020-12-19T17:22:21.336+0100][gc,metaspace] GC(13) Metaspace: 39595K(40576K)->39595K(40576K) NonClass: 35377K(36096K)->35377K(36096K) Class: 4217K(4480K)->4217K(4480K)
[2020-12-19T17:22:21.336+0100][gc          ] GC(13) Pause Young (Normal) (G1 Evacuation Pause) 209M->149M(1024M) 38,493ms
[2020-12-19T17:22:21.336+0100][gc,cpu      ] GC(13) User=0,03s Sys=0,02s Real=0,04s
[2020-12-19T17:22:29.528+0100][gc,start    ] GC(14) Pause Young (Normal) (G1 Evacuation Pause)
[2020-12-19T17:22:29.528+0100][gc,task     ] GC(14) Using 4 workers of 4 for evacuation
[2020-12-19T17:22:29.543+0100][gc,phases   ] GC(14)   Pre Evacuate Collection Set: 0,3ms
[2020-12-19T17:22:29.543+0100][gc,phases   ] GC(14)   Merge Heap Roots: 0,1ms
[2020-12-19T17:22:29.543+0100][gc,phases   ] GC(14)   Evacuate Collection Set: 13,4ms
[2020-12-19T17:22:29.543+0100][gc,phases   ] GC(14)   Post Evacuate Collection Set: 0,9ms
[2020-12-19T17:22:29.543+0100][gc,phases   ] GC(14)   Other: 0,2ms
[2020-12-19T17:22:29.543+0100][gc,heap     ] GC(14) Eden regions: 45->0(48)
[2020-12-19T17:22:29.543+0100][gc,heap     ] GC(14) Survivor regions: 6->4(7)
[2020-12-19T17:22:29.543+0100][gc,heap     ] GC(14) Old regions: 14->17
[2020-12-19T17:22:29.543+0100][gc,heap     ] GC(14) Archive regions: 2->2
[2020-12-19T17:22:29.543+0100][gc,heap     ] GC(14) Humongous regions: 129->129
[2020-12-19T17:22:29.543+0100][gc,metaspace] GC(14) Metaspace: 39598K(40576K)->39598K(40576K) NonClass: 35380K(36096K)->35380K(36096K) Class: 4217K(4480K)->4217K(4480K)
[2020-12-19T17:22:29.543+0100][gc          ] GC(14) Pause Young (Normal) (G1 Evacuation Pause) 194M->149M(1024M) 15,005ms
[2020-12-19T17:22:29.543+0100][gc,cpu      ] GC(14) User=0,03s Sys=0,00s Real=0,01s
[2020-12-19T17:22:37.015+0100][gc,start    ] GC(15) Pause Young (Normal) (G1 Evacuation Pause)
[2020-12-19T17:22:37.015+0100][gc,task     ] GC(15) Using 4 workers of 4 for evacuation
[2020-12-19T17:22:37.024+0100][gc,phases   ] GC(15)   Pre Evacuate Collection Set: 0,3ms
[2020-12-19T17:22:37.024+0100][gc,phases   ] GC(15)   Merge Heap Roots: 0,2ms
[2020-12-19T17:22:37.024+0100][gc,phases   ] GC(15)   Evacuate Collection Set: 7,2ms
[2020-12-19T17:22:37.024+0100][gc,phases   ] GC(15)   Post Evacuate Collection Set: 0,8ms
[2020-12-19T17:22:37.024+0100][gc,phases   ] GC(15)   Other: 0,3ms
[2020-12-19T17:22:37.024+0100][gc,heap     ] GC(15) Eden regions: 47->0(102)
[2020-12-19T17:22:37.024+0100][gc,heap     ] GC(15) Survivor regions: 4->4(7)
[2020-12-19T17:22:37.024+0100][gc,heap     ] GC(15) Old regions: 17->17
[2020-12-19T17:22:37.024+0100][gc,heap     ] GC(15) Archive regions: 2->2
[2020-12-19T17:22:37.024+0100][gc,heap     ] GC(15) Humongous regions: 129->129
[2020-12-19T17:22:37.024+0100][gc,metaspace] GC(15) Metaspace: 39612K(40576K)->39612K(40576K) NonClass: 35395K(36096K)->35395K(36096K) Class: 4217K(4480K)->4217K(4480K)
[2020-12-19T17:22:37.024+0100][gc          ] GC(15) Pause Young (Normal) (G1 Evacuation Pause) 196M->149M(1024M) 8,804ms
[2020-12-19T17:22:37.024+0100][gc,cpu      ] GC(15) User=0,01s Sys=0,01s Real=0,01s
[2020-12-19T17:24:36.004+0100][gc,start    ] GC(16) Pause Young (Normal) (G1 Evacuation Pause)
[2020-12-19T17:24:36.005+0100][gc,task     ] GC(16) Using 4 workers of 4 for evacuation
[2020-12-19T17:24:36.028+0100][gc,mmu      ] GC(16) MMU target violated: 21,0ms (20,0ms/21,0ms)
[2020-12-19T17:24:36.028+0100][gc,phases   ] GC(16)   Pre Evacuate Collection Set: 0,4ms
[2020-12-19T17:24:36.028+0100][gc,phases   ] GC(16)   Merge Heap Roots: 0,2ms
[2020-12-19T17:24:36.028+0100][gc,phases   ] GC(16)   Evacuate Collection Set: 15,3ms
[2020-12-19T17:24:36.028+0100][gc,phases   ] GC(16)   Post Evacuate Collection Set: 5,7ms
[2020-12-19T17:24:36.028+0100][gc,phases   ] GC(16)   Other: 2,0ms
[2020-12-19T17:24:36.028+0100][gc,heap     ] GC(16) Eden regions: 90->0(103)
[2020-12-19T17:24:36.028+0100][gc,heap     ] GC(16) Survivor regions: 4->4(12)
[2020-12-19T17:24:36.028+0100][gc,heap     ] GC(16) Old regions: 17->17
[2020-12-19T17:24:36.028+0100][gc,heap     ] GC(16) Archive regions: 2->2
[2020-12-19T17:24:36.028+0100][gc,heap     ] GC(16) Humongous regions: 129->129
[2020-12-19T17:24:36.028+0100][gc,metaspace] GC(16) Metaspace: 39621K(40576K)->39621K(40576K) NonClass: 35404K(36096K)->35404K(36096K) Class: 4217K(4480K)->4217K(4480K)
[2020-12-19T17:24:36.028+0100][gc          ] GC(16) Pause Young (Normal) (G1 Evacuation Pause) 239M->149M(1024M) 23,824ms
[2020-12-19T17:24:36.028+0100][gc,cpu      ] GC(16) User=0,04s Sys=0,01s Real=0,02s
[2020-12-19T17:24:53.065+0100][gc,start    ] GC(17) Pause Young (Normal) (G1 Evacuation Pause)
[2020-12-19T17:24:53.065+0100][gc,task     ] GC(17) Using 4 workers of 4 for evacuation
[2020-12-19T17:24:53.090+0100][gc,mmu      ] GC(17) MMU target violated: 21,0ms (20,0ms/21,0ms)
[2020-12-19T17:24:53.090+0100][gc,phases   ] GC(17)   Pre Evacuate Collection Set: 0,6ms
[2020-12-19T17:24:53.091+0100][gc,phases   ] GC(17)   Merge Heap Roots: 0,3ms
[2020-12-19T17:24:53.091+0100][gc,phases   ] GC(17)   Evacuate Collection Set: 19,7ms
[2020-12-19T17:24:53.091+0100][gc,phases   ] GC(17)   Post Evacuate Collection Set: 3,5ms
[2020-12-19T17:24:53.091+0100][gc,phases   ] GC(17)   Other: 1,2ms
[2020-12-19T17:24:53.091+0100][gc,heap     ] GC(17) Eden regions: 95->0(56)
[2020-12-19T17:24:53.091+0100][gc,heap     ] GC(17) Survivor regions: 4->4(13)
[2020-12-19T17:24:53.091+0100][gc,heap     ] GC(17) Old regions: 17->17
[2020-12-19T17:24:53.091+0100][gc,heap     ] GC(17) Archive regions: 2->2
[2020-12-19T17:24:53.091+0100][gc,heap     ] GC(17) Humongous regions: 129->129
[2020-12-19T17:24:53.091+0100][gc,metaspace] GC(17) Metaspace: 39633K(40576K)->39633K(40576K) NonClass: 35416K(36096K)->35416K(36096K) Class: 4217K(4480K)->4217K(4480K)
[2020-12-19T17:24:53.091+0100][gc          ] GC(17) Pause Young (Normal) (G1 Evacuation Pause) 244M->149M(1024M) 25,580ms
[2020-12-19T17:24:53.091+0100][gc,cpu      ] GC(17) User=0,03s Sys=0,02s Real=0,02s
[2020-12-19T17:25:00.856+0100][gc,start    ] GC(18) Pause Young (Normal) (G1 Evacuation Pause)
[2020-12-19T17:25:00.856+0100][gc,task     ] GC(18) Using 4 workers of 4 for evacuation
[2020-12-19T17:25:00.864+0100][gc,phases   ] GC(18)   Pre Evacuate Collection Set: 0,3ms
[2020-12-19T17:25:00.864+0100][gc,phases   ] GC(18)   Merge Heap Roots: 0,2ms
[2020-12-19T17:25:00.864+0100][gc,phases   ] GC(18)   Evacuate Collection Set: 5,6ms
[2020-12-19T17:25:00.864+0100][gc,phases   ] GC(18)   Post Evacuate Collection Set: 1,7ms
[2020-12-19T17:25:00.864+0100][gc,phases   ] GC(18)   Other: 0,2ms
[2020-12-19T17:25:00.864+0100][gc,heap     ] GC(18) Eden regions: 51->0(106)
[2020-12-19T17:25:00.864+0100][gc,heap     ] GC(18) Survivor regions: 4->4(7)
[2020-12-19T17:25:00.864+0100][gc,heap     ] GC(18) Old regions: 17->17
[2020-12-19T17:25:00.864+0100][gc,heap     ] GC(18) Archive regions: 2->2
[2020-12-19T17:25:00.864+0100][gc,heap     ] GC(18) Humongous regions: 129->129
[2020-12-19T17:25:00.864+0100][gc,metaspace] GC(18) Metaspace: 39636K(40576K)->39636K(40576K) NonClass: 35418K(36096K)->35418K(36096K) Class: 4217K(4480K)->4217K(4480K)
[2020-12-19T17:25:00.864+0100][gc          ] GC(18) Pause Young (Normal) (G1 Evacuation Pause) 200M->149M(1024M) 8,044ms
[2020-12-19T17:25:00.865+0100][gc,cpu      ] GC(18) User=0,01s Sys=0,00s Real=0,01s
[2020-12-19T17:26:46.328+0100][gc,start    ] GC(19) Pause Young (Normal) (G1 Evacuation Pause)
[2020-12-19T17:26:46.328+0100][gc,task     ] GC(19) Using 4 workers of 4 for evacuation
[2020-12-19T17:26:46.338+0100][gc,phases   ] GC(19)   Pre Evacuate Collection Set: 0,3ms
[2020-12-19T17:26:46.338+0100][gc,phases   ] GC(19)   Merge Heap Roots: 1,1ms
[2020-12-19T17:26:46.338+0100][gc,phases   ] GC(19)   Evacuate Collection Set: 7,5ms
[2020-12-19T17:26:46.338+0100][gc,phases   ] GC(19)   Post Evacuate Collection Set: 1,0ms
[2020-12-19T17:26:46.338+0100][gc,phases   ] GC(19)   Other: 0,2ms
[2020-12-19T17:26:46.338+0100][gc,heap     ] GC(19) Eden regions: 106->0(199)
[2020-12-19T17:26:46.338+0100][gc,heap     ] GC(19) Survivor regions: 4->4(14)
[2020-12-19T17:26:46.338+0100][gc,heap     ] GC(19) Old regions: 17->17
[2020-12-19T17:26:46.338+0100][gc,heap     ] GC(19) Archive regions: 2->2
[2020-12-19T17:26:46.338+0100][gc,heap     ] GC(19) Humongous regions: 129->129
[2020-12-19T17:26:46.338+0100][gc,metaspace] GC(19) Metaspace: 39645K(40576K)->39645K(40576K) NonClass: 35427K(36096K)->35427K(36096K) Class: 4217K(4480K)->4217K(4480K)
[2020-12-19T17:26:46.339+0100][gc          ] GC(19) Pause Young (Normal) (G1 Evacuation Pause) 255M->149M(1024M) 10,191ms
[2020-12-19T17:26:46.339+0100][gc,cpu      ] GC(19) User=0,01s Sys=0,00s Real=0,01s
[2020-12-19T17:34:12.294+0100][gc,start    ] GC(20) Pause Young (Normal) (G1 Evacuation Pause)
[2020-12-19T17:34:12.294+0100][gc,task     ] GC(20) Using 4 workers of 4 for evacuation
[2020-12-19T17:34:12.332+0100][gc,mmu      ] GC(20) MMU target violated: 21,0ms (20,0ms/21,0ms)
[2020-12-19T17:34:12.332+0100][gc,phases   ] GC(20)   Pre Evacuate Collection Set: 0,7ms
[2020-12-19T17:34:12.332+0100][gc,phases   ] GC(20)   Merge Heap Roots: 0,4ms
[2020-12-19T17:34:12.332+0100][gc,phases   ] GC(20)   Evacuate Collection Set: 25,8ms
[2020-12-19T17:34:12.332+0100][gc,phases   ] GC(20)   Post Evacuate Collection Set: 10,4ms
[2020-12-19T17:34:12.332+0100][gc,phases   ] GC(20)   Other: 1,4ms
[2020-12-19T17:34:12.332+0100][gc,heap     ] GC(20) Eden regions: 199->0(96)
[2020-12-19T17:34:12.332+0100][gc,heap     ] GC(20) Survivor regions: 4->4(26)
[2020-12-19T17:34:12.332+0100][gc,heap     ] GC(20) Old regions: 17->17
[2020-12-19T17:34:12.332+0100][gc,heap     ] GC(20) Archive regions: 2->2
[2020-12-19T17:34:12.332+0100][gc,heap     ] GC(20) Humongous regions: 129->129
[2020-12-19T17:34:12.332+0100][gc,metaspace] GC(20) Metaspace: 39645K(40576K)->39645K(40576K) NonClass: 35427K(36096K)->35427K(36096K) Class: 4217K(4480K)->4217K(4480K)
[2020-12-19T17:34:12.333+0100][gc          ] GC(20) Pause Young (Normal) (G1 Evacuation Pause) 348M->149M(1024M) 38,827ms
[2020-12-19T17:34:12.333+0100][gc,cpu      ] GC(20) User=0,07s Sys=0,00s Real=0,04s
[2020-12-19T17:34:26.356+0100][gc,start    ] GC(21) Pause Young (Normal) (G1 Evacuation Pause)
[2020-12-19T17:34:26.356+0100][gc,task     ] GC(21) Using 4 workers of 4 for evacuation
[2020-12-19T17:34:26.371+0100][gc,phases   ] GC(21)   Pre Evacuate Collection Set: 0,3ms
[2020-12-19T17:34:26.371+0100][gc,phases   ] GC(21)   Merge Heap Roots: 0,2ms
[2020-12-19T17:34:26.371+0100][gc,phases   ] GC(21)   Evacuate Collection Set: 12,5ms
[2020-12-19T17:34:26.371+0100][gc,phases   ] GC(21)   Post Evacuate Collection Set: 2,0ms
[2020-12-19T17:34:26.371+0100][gc,phases   ] GC(21)   Other: 0,3ms
[2020-12-19T17:34:26.371+0100][gc,heap     ] GC(21) Eden regions: 96->0(167)
[2020-12-19T17:34:26.371+0100][gc,heap     ] GC(21) Survivor regions: 4->4(13)
[2020-12-19T17:34:26.371+0100][gc,heap     ] GC(21) Old regions: 17->17
[2020-12-19T17:34:26.371+0100][gc,heap     ] GC(21) Archive regions: 2->2
[2020-12-19T17:34:26.372+0100][gc,heap     ] GC(21) Humongous regions: 129->129
[2020-12-19T17:34:26.372+0100][gc,metaspace] GC(21) Metaspace: 39645K(40576K)->39645K(40576K) NonClass: 35427K(36096K)->35427K(36096K) Class: 4217K(4480K)->4217K(4480K)
[2020-12-19T17:34:26.372+0100][gc          ] GC(21) Pause Young (Normal) (G1 Evacuation Pause) 245M->149M(1024M) 15,563ms
[2020-12-19T17:34:26.372+0100][gc,cpu      ] GC(21) User=0,02s Sys=0,00s Real=0,02s
[2020-12-19T17:34:46.932+0100][gc,start    ] GC(22) Pause Young (Normal) (G1 Evacuation Pause)
[2020-12-19T17:34:46.932+0100][gc,task     ] GC(22) Using 4 workers of 4 for evacuation
[2020-12-19T17:34:46.941+0100][gc,phases   ] GC(22)   Pre Evacuate Collection Set: 0,4ms
[2020-12-19T17:34:46.941+0100][gc,phases   ] GC(22)   Merge Heap Roots: 0,1ms
[2020-12-19T17:34:46.941+0100][gc,phases   ] GC(22)   Evacuate Collection Set: 7,3ms
[2020-12-19T17:34:46.941+0100][gc,phases   ] GC(22)   Post Evacuate Collection Set: 0,9ms
[2020-12-19T17:34:46.941+0100][gc,phases   ] GC(22)   Other: 0,2ms
[2020-12-19T17:34:46.941+0100][gc,heap     ] GC(22) Eden regions: 167->0(259)
[2020-12-19T17:34:46.941+0100][gc,heap     ] GC(22) Survivor regions: 4->4(22)
[2020-12-19T17:34:46.941+0100][gc,heap     ] GC(22) Old regions: 17->17
[2020-12-19T17:34:46.941+0100][gc,heap     ] GC(22) Archive regions: 2->2
[2020-12-19T17:34:46.941+0100][gc,heap     ] GC(22) Humongous regions: 129->129
[2020-12-19T17:34:46.941+0100][gc,metaspace] GC(22) Metaspace: 39645K(40576K)->39645K(40576K) NonClass: 35427K(36096K)->35427K(36096K) Class: 4217K(4480K)->4217K(4480K)
[2020-12-19T17:34:46.941+0100][gc          ] GC(22) Pause Young (Normal) (G1 Evacuation Pause) 316M->149M(1024M) 9,000ms
[2020-12-19T17:34:46.941+0100][gc,cpu      ] GC(22) User=0,02s Sys=0,00s Real=0,00s
[2020-12-19T17:38:03.214+0100][gc,start    ] GC(23) Pause Young (Normal) (G1 Evacuation Pause)
[2020-12-19T17:38:03.215+0100][gc,task     ] GC(23) Using 4 workers of 4 for evacuation
[2020-12-19T17:38:03.226+0100][gc,phases   ] GC(23)   Pre Evacuate Collection Set: 0,4ms
[2020-12-19T17:38:03.226+0100][gc,phases   ] GC(23)   Merge Heap Roots: 0,2ms
[2020-12-19T17:38:03.226+0100][gc,phases   ] GC(23)   Evacuate Collection Set: 8,4ms
[2020-12-19T17:38:03.226+0100][gc,phases   ] GC(23)   Post Evacuate Collection Set: 2,4ms
[2020-12-19T17:38:03.226+0100][gc,phases   ] GC(23)   Other: 0,9ms
[2020-12-19T17:38:03.226+0100][gc,heap     ] GC(23) Eden regions: 259->0(353)
[2020-12-19T17:38:03.226+0100][gc,heap     ] GC(23) Survivor regions: 4->4(33)
[2020-12-19T17:38:03.226+0100][gc,heap     ] GC(23) Old regions: 17->17
[2020-12-19T17:38:03.226+0100][gc,heap     ] GC(23) Archive regions: 2->2
[2020-12-19T17:38:03.226+0100][gc,heap     ] GC(23) Humongous regions: 129->129
[2020-12-19T17:38:03.226+0100][gc,metaspace] GC(23) Metaspace: 39649K(40576K)->39649K(40576K) NonClass: 35432K(36096K)->35432K(36096K) Class: 4217K(4480K)->4217K(4480K)
[2020-12-19T17:38:03.227+0100][gc          ] GC(23) Pause Young (Normal) (G1 Evacuation Pause) 408M->149M(1024M) 12,317ms
[2020-12-19T17:38:03.227+0100][gc,cpu      ] GC(23) User=0,02s Sys=0,01s Real=0,01s
[2020-12-19T17:43:13.657+0100][gc,start    ] GC(24) Pause Young (Normal) (G1 Evacuation Pause)
[2020-12-19T17:43:13.660+0100][gc,task     ] GC(24) Using 4 workers of 4 for evacuation
[2020-12-19T17:43:13.710+0100][gc,mmu      ] GC(24) MMU target violated: 21,0ms (20,0ms/21,0ms)
[2020-12-19T17:43:13.710+0100][gc,phases   ] GC(24)   Pre Evacuate Collection Set: 2,3ms
[2020-12-19T17:43:13.710+0100][gc,phases   ] GC(24)   Merge Heap Roots: 9,9ms
[2020-12-19T17:43:13.710+0100][gc,phases   ] GC(24)   Evacuate Collection Set: 26,8ms
[2020-12-19T17:43:13.710+0100][gc,phases   ] GC(24)   Post Evacuate Collection Set: 8,8ms
[2020-12-19T17:43:13.710+0100][gc,phases   ] GC(24)   Other: 7,5ms
[2020-12-19T17:43:13.710+0100][gc,heap     ] GC(24) Eden regions: 353->0(47)
[2020-12-19T17:43:13.710+0100][gc,heap     ] GC(24) Survivor regions: 4->4(45)
[2020-12-19T17:43:13.710+0100][gc,heap     ] GC(24) Old regions: 17->17
[2020-12-19T17:43:13.710+0100][gc,heap     ] GC(24) Archive regions: 2->2
[2020-12-19T17:43:13.710+0100][gc,heap     ] GC(24) Humongous regions: 129->129
[2020-12-19T17:43:13.711+0100][gc,metaspace] GC(24) Metaspace: 39657K(40576K)->39657K(40576K) NonClass: 35440K(36096K)->35440K(36096K) Class: 4217K(4480K)->4217K(4480K)
[2020-12-19T17:43:13.711+0100][gc          ] GC(24) Pause Young (Normal) (G1 Evacuation Pause) 502M->149M(1024M) 54,944ms
[2020-12-19T17:43:13.711+0100][gc,cpu      ] GC(24) User=0,04s Sys=0,03s Real=0,05s
[2020-12-19T17:43:22.205+0100][gc,start    ] GC(25) Pause Young (Normal) (G1 Evacuation Pause)
[2020-12-19T17:43:22.205+0100][gc,task     ] GC(25) Using 4 workers of 4 for evacuation
[2020-12-19T17:43:22.233+0100][gc,mmu      ] GC(25) MMU target violated: 21,0ms (20,0ms/21,0ms)
[2020-12-19T17:43:22.233+0100][gc,phases   ] GC(25)   Pre Evacuate Collection Set: 3,4ms
[2020-12-19T17:43:22.233+0100][gc,phases   ] GC(25)   Merge Heap Roots: 0,4ms
[2020-12-19T17:43:22.233+0100][gc,phases   ] GC(25)   Evacuate Collection Set: 22,0ms
[2020-12-19T17:43:22.233+0100][gc,phases   ] GC(25)   Post Evacuate Collection Set: 2,1ms
[2020-12-19T17:43:22.233+0100][gc,phases   ] GC(25)   Other: 0,4ms
[2020-12-19T17:43:22.233+0100][gc,heap     ] GC(25) Eden regions: 47->0(47)
[2020-12-19T17:43:22.233+0100][gc,heap     ] GC(25) Survivor regions: 4->4(7)
[2020-12-19T17:43:22.233+0100][gc,heap     ] GC(25) Old regions: 17->17
[2020-12-19T17:43:22.233+0100][gc,heap     ] GC(25) Archive regions: 2->2
[2020-12-19T17:43:22.233+0100][gc,heap     ] GC(25) Humongous regions: 129->129
[2020-12-19T17:43:22.234+0100][gc,metaspace] GC(25) Metaspace: 39657K(40576K)->39657K(40576K) NonClass: 35440K(36096K)->35440K(36096K) Class: 4217K(4480K)->4217K(4480K)
[2020-12-19T17:43:22.234+0100][gc          ] GC(25) Pause Young (Normal) (G1 Evacuation Pause) 196M->149M(1024M) 28,660ms
[2020-12-19T17:43:22.234+0100][gc,cpu      ] GC(25) User=0,04s Sys=0,00s Real=0,03s
[2020-12-19T17:43:30.081+0100][gc,start    ] GC(26) Pause Young (Normal) (G1 Evacuation Pause)
[2020-12-19T17:43:30.081+0100][gc,task     ] GC(26) Using 4 workers of 4 for evacuation
[2020-12-19T17:43:30.111+0100][gc,mmu      ] GC(26) MMU target violated: 21,0ms (20,0ms/21,0ms)
[2020-12-19T17:43:30.111+0100][gc,phases   ] GC(26)   Pre Evacuate Collection Set: 0,6ms
[2020-12-19T17:43:30.111+0100][gc,phases   ] GC(26)   Merge Heap Roots: 0,3ms
[2020-12-19T17:43:30.111+0100][gc,phases   ] GC(26)   Evacuate Collection Set: 27,4ms
[2020-12-19T17:43:30.111+0100][gc,phases   ] GC(26)   Post Evacuate Collection Set: 1,5ms
[2020-12-19T17:43:30.111+0100][gc,phases   ] GC(26)   Other: 0,6ms
[2020-12-19T17:43:30.111+0100][gc,heap     ] GC(26) Eden regions: 47->0(47)
[2020-12-19T17:43:30.111+0100][gc,heap     ] GC(26) Survivor regions: 4->4(7)
[2020-12-19T17:43:30.111+0100][gc,heap     ] GC(26) Old regions: 17->17
[2020-12-19T17:43:30.111+0100][gc,heap     ] GC(26) Archive regions: 2->2
[2020-12-19T17:43:30.111+0100][gc,heap     ] GC(26) Humongous regions: 129->129
[2020-12-19T17:43:30.111+0100][gc,metaspace] GC(26) Metaspace: 39658K(40576K)->39658K(40576K) NonClass: 35440K(36096K)->35440K(36096K) Class: 4217K(4480K)->4217K(4480K)
[2020-12-19T17:43:30.111+0100][gc          ] GC(26) Pause Young (Normal) (G1 Evacuation Pause) 196M->149M(1024M) 30,559ms
[2020-12-19T17:43:30.111+0100][gc,cpu      ] GC(26) User=0,02s Sys=0,01s Real=0,03s
[2020-12-19T17:43:36.592+0100][gc,start    ] GC(27) Pause Young (Normal) (G1 Evacuation Pause)
[2020-12-19T17:43:36.592+0100][gc,task     ] GC(27) Using 4 workers of 4 for evacuation
[2020-12-19T17:43:36.612+0100][gc,mmu      ] GC(27) MMU target violated: 20,1ms (20,0ms/21,0ms)
[2020-12-19T17:43:36.613+0100][gc,phases   ] GC(27)   Pre Evacuate Collection Set: 0,6ms
[2020-12-19T17:43:36.613+0100][gc,phases   ] GC(27)   Merge Heap Roots: 0,3ms
[2020-12-19T17:43:36.613+0100][gc,phases   ] GC(27)   Evacuate Collection Set: 17,1ms
[2020-12-19T17:43:36.613+0100][gc,phases   ] GC(27)   Post Evacuate Collection Set: 2,0ms
[2020-12-19T17:43:36.613+0100][gc,phases   ] GC(27)   Other: 0,4ms
[2020-12-19T17:43:36.613+0100][gc,heap     ] GC(27) Eden regions: 47->0(47)
[2020-12-19T17:43:36.613+0100][gc,heap     ] GC(27) Survivor regions: 4->4(7)
[2020-12-19T17:43:36.613+0100][gc,heap     ] GC(27) Old regions: 17->17
[2020-12-19T17:43:36.613+0100][gc,heap     ] GC(27) Archive regions: 2->2
[2020-12-19T17:43:36.613+0100][gc,heap     ] GC(27) Humongous regions: 129->129
[2020-12-19T17:43:36.613+0100][gc,metaspace] GC(27) Metaspace: 39658K(40576K)->39658K(40576K) NonClass: 35440K(36096K)->35440K(36096K) Class: 4217K(4480K)->4217K(4480K)
[2020-12-19T17:43:36.613+0100][gc          ] GC(27) Pause Young (Normal) (G1 Evacuation Pause) 196M->149M(1024M) 20,736ms
[2020-12-19T17:43:36.613+0100][gc,cpu      ] GC(27) User=0,03s Sys=0,01s Real=0,02s
[2020-12-19T17:43:43.633+0100][gc,start    ] GC(28) Pause Young (Normal) (G1 Evacuation Pause)
[2020-12-19T17:43:43.633+0100][gc,task     ] GC(28) Using 4 workers of 4 for evacuation
[2020-12-19T17:43:43.651+0100][gc,phases   ] GC(28)   Pre Evacuate Collection Set: 0,7ms
[2020-12-19T17:43:43.652+0100][gc,phases   ] GC(28)   Merge Heap Roots: 0,6ms
[2020-12-19T17:43:43.652+0100][gc,phases   ] GC(28)   Evacuate Collection Set: 14,9ms
[2020-12-19T17:43:43.652+0100][gc,phases   ] GC(28)   Post Evacuate Collection Set: 1,9ms
[2020-12-19T17:43:43.652+0100][gc,phases   ] GC(28)   Other: 0,4ms
[2020-12-19T17:43:43.652+0100][gc,heap     ] GC(28) Eden regions: 47->0(166)
[2020-12-19T17:43:43.652+0100][gc,heap     ] GC(28) Survivor regions: 4->3(7)
[2020-12-19T17:43:43.652+0100][gc,heap     ] GC(28) Old regions: 17->18
[2020-12-19T17:43:43.652+0100][gc,heap     ] GC(28) Archive regions: 2->2
[2020-12-19T17:43:43.652+0100][gc,heap     ] GC(28) Humongous regions: 129->129
[2020-12-19T17:43:43.652+0100][gc,metaspace] GC(28) Metaspace: 39658K(40576K)->39658K(40576K) NonClass: 35440K(36096K)->35440K(36096K) Class: 4217K(4480K)->4217K(4480K)
[2020-12-19T17:43:43.652+0100][gc          ] GC(28) Pause Young (Normal) (G1 Evacuation Pause) 196M->149M(1024M) 18,871ms
[2020-12-19T17:43:43.652+0100][gc,cpu      ] GC(28) User=0,03s Sys=0,00s Real=0,02s
[2020-12-19T17:44:02.540+0100][gc,start    ] GC(29) Pause Young (Normal) (G1 Evacuation Pause)
[2020-12-19T17:44:02.540+0100][gc,task     ] GC(29) Using 4 workers of 4 for evacuation
[2020-12-19T17:44:02.544+0100][gc,phases   ] GC(29)   Pre Evacuate Collection Set: 0,2ms
[2020-12-19T17:44:02.544+0100][gc,phases   ] GC(29)   Merge Heap Roots: 0,1ms
[2020-12-19T17:44:02.544+0100][gc,phases   ] GC(29)   Evacuate Collection Set: 3,0ms
[2020-12-19T17:44:02.544+0100][gc,phases   ] GC(29)   Post Evacuate Collection Set: 0,6ms
[2020-12-19T17:44:02.544+0100][gc,phases   ] GC(29)   Other: 0,2ms
[2020-12-19T17:44:02.544+0100][gc,heap     ] GC(29) Eden regions: 166->0(293)
[2020-12-19T17:44:02.544+0100][gc,heap     ] GC(29) Survivor regions: 3->3(22)
[2020-12-19T17:44:02.544+0100][gc,heap     ] GC(29) Old regions: 18->18
[2020-12-19T17:44:02.544+0100][gc,heap     ] GC(29) Archive regions: 2->2
[2020-12-19T17:44:02.544+0100][gc,heap     ] GC(29) Humongous regions: 129->129
[2020-12-19T17:44:02.544+0100][gc,metaspace] GC(29) Metaspace: 39658K(40576K)->39658K(40576K) NonClass: 35440K(36096K)->35440K(36096K) Class: 4217K(4480K)->4217K(4480K)
[2020-12-19T17:44:02.544+0100][gc          ] GC(29) Pause Young (Normal) (G1 Evacuation Pause) 315M->149M(1024M) 4,137ms
[2020-12-19T17:44:02.544+0100][gc,cpu      ] GC(29) User=0,01s Sys=0,01s Real=0,01s
[2020-12-19T17:44:38.868+0100][gc,start    ] GC(30) Pause Young (Normal) (G1 Evacuation Pause)
[2020-12-19T17:44:38.868+0100][gc,task     ] GC(30) Using 4 workers of 4 for evacuation
[2020-12-19T17:44:38.873+0100][gc,phases   ] GC(30)   Pre Evacuate Collection Set: 0,3ms
[2020-12-19T17:44:38.873+0100][gc,phases   ] GC(30)   Merge Heap Roots: 0,1ms
[2020-12-19T17:44:38.873+0100][gc,phases   ] GC(30)   Evacuate Collection Set: 3,7ms
[2020-12-19T17:44:38.873+0100][gc,phases   ] GC(30)   Post Evacuate Collection Set: 0,7ms
[2020-12-19T17:44:38.873+0100][gc,phases   ] GC(30)   Other: 0,2ms
[2020-12-19T17:44:38.873+0100][gc,heap     ] GC(30) Eden regions: 293->0(481)
[2020-12-19T17:44:38.873+0100][gc,heap     ] GC(30) Survivor regions: 3->3(37)
[2020-12-19T17:44:38.873+0100][gc,heap     ] GC(30) Old regions: 18->18
[2020-12-19T17:44:38.873+0100][gc,heap     ] GC(30) Archive regions: 2->2
[2020-12-19T17:44:38.873+0100][gc,heap     ] GC(30) Humongous regions: 129->129
[2020-12-19T17:44:38.873+0100][gc,metaspace] GC(30) Metaspace: 39658K(40576K)->39658K(40576K) NonClass: 35440K(36096K)->35440K(36096K) Class: 4217K(4480K)->4217K(4480K)
[2020-12-19T17:44:38.873+0100][gc          ] GC(30) Pause Young (Normal) (G1 Evacuation Pause) 442M->149M(1024M) 5,144ms
[2020-12-19T17:44:38.873+0100][gc,cpu      ] GC(30) User=0,00s Sys=0,01s Real=0,01s
[2020-12-19T18:18:25.594+0100][gc,start    ] GC(31) Pause Young (Normal) (G1 Evacuation Pause)
[2020-12-19T18:18:25.597+0100][gc,task     ] GC(31) Using 4 workers of 4 for evacuation
[2020-12-19T18:18:25.657+0100][gc,mmu      ] GC(31) MMU target violated: 21,0ms (20,0ms/21,0ms)
[2020-12-19T18:18:25.658+0100][gc,phases   ] GC(31)   Pre Evacuate Collection Set: 2,8ms
[2020-12-19T18:18:25.658+0100][gc,phases   ] GC(31)   Merge Heap Roots: 2,1ms
[2020-12-19T18:18:25.658+0100][gc,phases   ] GC(31)   Evacuate Collection Set: 31,1ms
[2020-12-19T18:18:25.658+0100][gc,phases   ] GC(31)   Post Evacuate Collection Set: 16,9ms
[2020-12-19T18:18:25.658+0100][gc,phases   ] GC(31)   Other: 14,7ms
[2020-12-19T18:18:25.658+0100][gc,heap     ] GC(31) Eden regions: 481->0(48)
[2020-12-19T18:18:25.658+0100][gc,heap     ] GC(31) Survivor regions: 3->4(61)
[2020-12-19T18:18:25.658+0100][gc,heap     ] GC(31) Old regions: 18->18
[2020-12-19T18:18:25.658+0100][gc,heap     ] GC(31) Archive regions: 2->2
[2020-12-19T18:18:25.658+0100][gc,heap     ] GC(31) Humongous regions: 129->129
[2020-12-19T18:18:25.660+0100][gc,metaspace] GC(31) Metaspace: 39771K(40576K)->39771K(40576K) NonClass: 35540K(36096K)->35540K(36096K) Class: 4231K(4480K)->4231K(4480K)
[2020-12-19T18:18:25.661+0100][gc          ] GC(31) Pause Young (Normal) (G1 Evacuation Pause) 630M->151M(1024M) 67,688ms
[2020-12-19T18:18:25.661+0100][gc,cpu      ] GC(31) User=0,06s Sys=0,04s Real=0,06s
[2020-12-19T18:33:42.739+0100][gc,start    ] GC(32) Pause Young (Normal) (G1 Evacuation Pause)
[2020-12-19T18:33:42.741+0100][gc,task     ] GC(32) Using 4 workers of 4 for evacuation
[2020-12-19T18:33:42.841+0100][gc,mmu      ] GC(32) MMU target violated: 21,0ms (20,0ms/21,0ms)
[2020-12-19T18:33:42.841+0100][gc,phases   ] GC(32)   Pre Evacuate Collection Set: 7,5ms
[2020-12-19T18:33:42.841+0100][gc,phases   ] GC(32)   Merge Heap Roots: 4,5ms
[2020-12-19T18:33:42.841+0100][gc,phases   ] GC(32)   Evacuate Collection Set: 78,4ms
[2020-12-19T18:33:42.841+0100][gc,phases   ] GC(32)   Post Evacuate Collection Set: 6,8ms
[2020-12-19T18:33:42.841+0100][gc,phases   ] GC(32)   Other: 8,4ms
[2020-12-19T18:33:42.841+0100][gc,heap     ] GC(32) Eden regions: 48->0(47)
[2020-12-19T18:33:42.841+0100][gc,heap     ] GC(32) Survivor regions: 4->4(7)
[2020-12-19T18:33:42.841+0100][gc,heap     ] GC(32) Old regions: 18->18
[2020-12-19T18:33:42.841+0100][gc,heap     ] GC(32) Archive regions: 2->2
[2020-12-19T18:33:42.841+0100][gc,heap     ] GC(32) Humongous regions: 129->129
[2020-12-19T18:33:42.841+0100][gc,metaspace] GC(32) Metaspace: 39822K(40832K)->39822K(40832K) NonClass: 35591K(36352K)->35591K(36352K) Class: 4231K(4480K)->4231K(4480K)
[2020-12-19T18:33:42.841+0100][gc          ] GC(32) Pause Young (Normal) (G1 Evacuation Pause) 199M->151M(1024M) 102,742ms
[2020-12-19T18:33:42.841+0100][gc,cpu      ] GC(32) User=0,03s Sys=0,05s Real=0,10s
[2020-12-19T18:41:45.722+0100][gc,start    ] GC(33) Pause Young (Normal) (G1 Evacuation Pause)
[2020-12-19T18:41:45.725+0100][gc,task     ] GC(33) Using 4 workers of 4 for evacuation
[2020-12-19T18:41:45.759+0100][gc,mmu      ] GC(33) MMU target violated: 21,0ms (20,0ms/21,0ms)
[2020-12-19T18:41:45.760+0100][gc,phases   ] GC(33)   Pre Evacuate Collection Set: 0,3ms
[2020-12-19T18:41:45.760+0100][gc,phases   ] GC(33)   Merge Heap Roots: 2,5ms
[2020-12-19T18:41:45.760+0100][gc,phases   ] GC(33)   Evacuate Collection Set: 30,6ms
[2020-12-19T18:41:45.760+0100][gc,phases   ] GC(33)   Post Evacuate Collection Set: 1,0ms
[2020-12-19T18:41:45.760+0100][gc,phases   ] GC(33)   Other: 4,0ms
[2020-12-19T18:41:45.760+0100][gc,heap     ] GC(33) Eden regions: 47->0(48)
[2020-12-19T18:41:45.760+0100][gc,heap     ] GC(33) Survivor regions: 4->3(7)
[2020-12-19T18:41:45.760+0100][gc,heap     ] GC(33) Old regions: 18->19
[2020-12-19T18:41:45.760+0100][gc,heap     ] GC(33) Archive regions: 2->2
[2020-12-19T18:41:45.760+0100][gc,heap     ] GC(33) Humongous regions: 129->129
[2020-12-19T18:41:45.760+0100][gc,metaspace] GC(33) Metaspace: 39823K(40832K)->39823K(40832K) NonClass: 35592K(36352K)->35592K(36352K) Class: 4231K(4480K)->4231K(4480K)
[2020-12-19T18:41:45.760+0100][gc          ] GC(33) Pause Young (Normal) (G1 Evacuation Pause) 198M->151M(1024M) 38,124ms
[2020-12-19T18:41:45.760+0100][gc,cpu      ] GC(33) User=0,00s Sys=0,04s Real=0,04s
[2020-12-19T18:41:51.298+0100][gc,start    ] GC(34) Pause Young (Normal) (G1 Evacuation Pause)
[2020-12-19T18:41:51.298+0100][gc,task     ] GC(34) Using 4 workers of 4 for evacuation
[2020-12-19T18:41:51.306+0100][gc,phases   ] GC(34)   Pre Evacuate Collection Set: 0,3ms
[2020-12-19T18:41:51.306+0100][gc,phases   ] GC(34)   Merge Heap Roots: 0,2ms
[2020-12-19T18:41:51.306+0100][gc,phases   ] GC(34)   Evacuate Collection Set: 6,5ms
[2020-12-19T18:41:51.306+0100][gc,phases   ] GC(34)   Post Evacuate Collection Set: 0,8ms
[2020-12-19T18:41:51.306+0100][gc,phases   ] GC(34)   Other: 0,2ms
[2020-12-19T18:41:51.306+0100][gc,heap     ] GC(34) Eden regions: 48->0(48)
[2020-12-19T18:41:51.306+0100][gc,heap     ] GC(34) Survivor regions: 3->3(7)
[2020-12-19T18:41:51.306+0100][gc,heap     ] GC(34) Old regions: 19->19
[2020-12-19T18:41:51.306+0100][gc,heap     ] GC(34) Archive regions: 2->2
[2020-12-19T18:41:51.306+0100][gc,heap     ] GC(34) Humongous regions: 129->129
[2020-12-19T18:41:51.306+0100][gc,metaspace] GC(34) Metaspace: 39823K(40832K)->39823K(40832K) NonClass: 35592K(36352K)->35592K(36352K) Class: 4231K(4480K)->4231K(4480K)
[2020-12-19T18:41:51.306+0100][gc          ] GC(34) Pause Young (Normal) (G1 Evacuation Pause) 199M->151M(1024M) 8,109ms
[2020-12-19T18:41:51.306+0100][gc,cpu      ] GC(34) User=0,01s Sys=0,00s Real=0,01s
[2020-12-19T18:44:02.695+0100][gc,start    ] GC(35) Pause Young (Normal) (G1 Evacuation Pause)
[2020-12-19T18:44:02.697+0100][gc,task     ] GC(35) Using 4 workers of 4 for evacuation
[2020-12-19T18:44:02.720+0100][gc,phases   ] GC(35)   Pre Evacuate Collection Set: 2,1ms
[2020-12-19T18:44:02.720+0100][gc,phases   ] GC(35)   Merge Heap Roots: 0,5ms
[2020-12-19T18:44:02.720+0100][gc,phases   ] GC(35)   Evacuate Collection Set: 9,6ms
[2020-12-19T18:44:02.720+0100][gc,phases   ] GC(35)   Post Evacuate Collection Set: 4,0ms
[2020-12-19T18:44:02.720+0100][gc,phases   ] GC(35)   Other: 11,7ms
[2020-12-19T18:44:02.720+0100][gc,heap     ] GC(35) Eden regions: 48->0(48)
[2020-12-19T18:44:02.720+0100][gc,heap     ] GC(35) Survivor regions: 3->3(7)
[2020-12-19T18:44:02.720+0100][gc,heap     ] GC(35) Old regions: 19->19
[2020-12-19T18:44:02.720+0100][gc,heap     ] GC(35) Archive regions: 2->2
[2020-12-19T18:44:02.720+0100][gc,heap     ] GC(35) Humongous regions: 129->129
[2020-12-19T18:44:02.721+0100][gc,metaspace] GC(35) Metaspace: 39823K(40832K)->39823K(40832K) NonClass: 35592K(36352K)->35592K(36352K) Class: 4231K(4480K)->4231K(4480K)
[2020-12-19T18:44:02.721+0100][gc          ] GC(35) Pause Young (Normal) (G1 Evacuation Pause) 199M->151M(1024M) 26,178ms
[2020-12-19T18:44:02.721+0100][gc,cpu      ] GC(35) User=0,01s Sys=0,01s Real=0,02s
[2020-12-19T18:44:41.039+0100][gc,start    ] GC(36) Pause Young (Normal) (G1 Evacuation Pause)
[2020-12-19T18:44:41.041+0100][gc,task     ] GC(36) Using 4 workers of 4 for evacuation
[2020-12-19T18:44:41.049+0100][gc,phases   ] GC(36)   Pre Evacuate Collection Set: 1,5ms
[2020-12-19T18:44:41.049+0100][gc,phases   ] GC(36)   Merge Heap Roots: 0,2ms
[2020-12-19T18:44:41.049+0100][gc,phases   ] GC(36)   Evacuate Collection Set: 5,2ms
[2020-12-19T18:44:41.049+0100][gc,phases   ] GC(36)   Post Evacuate Collection Set: 1,0ms
[2020-12-19T18:44:41.049+0100][gc,phases   ] GC(36)   Other: 2,1ms
[2020-12-19T18:44:41.049+0100][gc,heap     ] GC(36) Eden regions: 48->0(48)
[2020-12-19T18:44:41.049+0100][gc,heap     ] GC(36) Survivor regions: 3->3(7)
[2020-12-19T18:44:41.049+0100][gc,heap     ] GC(36) Old regions: 19->19
[2020-12-19T18:44:41.049+0100][gc,heap     ] GC(36) Archive regions: 2->2
[2020-12-19T18:44:41.049+0100][gc,heap     ] GC(36) Humongous regions: 129->129
[2020-12-19T18:44:41.049+0100][gc,metaspace] GC(36) Metaspace: 39825K(40832K)->39825K(40832K) NonClass: 35594K(36352K)->35594K(36352K) Class: 4231K(4480K)->4231K(4480K)
[2020-12-19T18:44:41.049+0100][gc          ] GC(36) Pause Young (Normal) (G1 Evacuation Pause) 199M->151M(1024M) 9,954ms
[2020-12-19T18:44:41.049+0100][gc,cpu      ] GC(36) User=0,00s Sys=0,01s Real=0,01s
[2020-12-19T18:45:28.927+0100][gc,start    ] GC(37) Pause Young (Normal) (G1 Evacuation Pause)
[2020-12-19T18:45:28.928+0100][gc,task     ] GC(37) Using 4 workers of 4 for evacuation
[2020-12-19T18:45:28.937+0100][gc,phases   ] GC(37)   Pre Evacuate Collection Set: 0,8ms
[2020-12-19T18:45:28.937+0100][gc,phases   ] GC(37)   Merge Heap Roots: 0,1ms
[2020-12-19T18:45:28.937+0100][gc,phases   ] GC(37)   Evacuate Collection Set: 5,7ms
[2020-12-19T18:45:28.937+0100][gc,phases   ] GC(37)   Post Evacuate Collection Set: 1,2ms
[2020-12-19T18:45:28.937+0100][gc,phases   ] GC(37)   Other: 1,8ms
[2020-12-19T18:45:28.937+0100][gc,heap     ] GC(37) Eden regions: 48->0(88)
[2020-12-19T18:45:28.937+0100][gc,heap     ] GC(37) Survivor regions: 3->3(7)
[2020-12-19T18:45:28.937+0100][gc,heap     ] GC(37) Old regions: 19->19
[2020-12-19T18:45:28.937+0100][gc,heap     ] GC(37) Archive regions: 2->2
[2020-12-19T18:45:28.937+0100][gc,heap     ] GC(37) Humongous regions: 129->129
[2020-12-19T18:45:28.937+0100][gc,metaspace] GC(37) Metaspace: 39825K(40832K)->39825K(40832K) NonClass: 35594K(36352K)->35594K(36352K) Class: 4231K(4480K)->4231K(4480K)
[2020-12-19T18:45:28.937+0100][gc          ] GC(37) Pause Young (Normal) (G1 Evacuation Pause) 199M->150M(1024M) 9,299ms
[2020-12-19T18:45:28.937+0100][gc,cpu      ] GC(37) User=0,02s Sys=0,00s Real=0,01s
