[2020-12-17T15:40:39.707+0100][gc] Using G1
[2020-12-17T15:40:39.716+0100][gc,init] Version: 15.0.1+9-18 (release)
[2020-12-17T15:40:39.716+0100][gc,init] CPUs: 4 total, 4 available
[2020-12-17T15:40:39.716+0100][gc,init] Memory: 3908M
[2020-12-17T15:40:39.716+0100][gc,init] Large Page Support: Disabled
[2020-12-17T15:40:39.716+0100][gc,init] NUMA Support: Disabled
[2020-12-17T15:40:39.716+0100][gc,init] Compressed Oops: Enabled (32-bit)
[2020-12-17T15:40:39.716+0100][gc,init] Heap Region Size: 1M
[2020-12-17T15:40:39.716+0100][gc,init] Heap Min Capacity: 1G
[2020-12-17T15:40:39.716+0100][gc,init] Heap Initial Capacity: 1G
[2020-12-17T15:40:39.716+0100][gc,init] Heap Max Capacity: 1G
[2020-12-17T15:40:39.716+0100][gc,init] Pre-touch: Disabled
[2020-12-17T15:40:39.716+0100][gc,init] Parallel Workers: 4
[2020-12-17T15:40:39.716+0100][gc,init] Concurrent Workers: 1
[2020-12-17T15:40:39.716+0100][gc,init] Concurrent Refinement Workers: 4
[2020-12-17T15:40:39.716+0100][gc,init] Periodic GC: Disabled
[2020-12-17T15:40:39.717+0100][gc,cds ] Mark closed archive regions in map: [0x00000000fff00000, 0x00000000fff7bff8]
[2020-12-17T15:40:39.717+0100][gc,cds ] Mark open archive regions in map: [0x00000000ffe00000, 0x00000000ffe51ff8]
[2020-12-17T15:40:39.717+0100][gc,metaspace] CDS archive(s) mapped at: [0x0000000800000000-0x0000000800b35000-0x0000000800b35000), size 11751424, SharedBaseAddress: 0x0000000800000000, ArchiveRelocationMode: 0.
[2020-12-17T15:40:39.717+0100][gc,metaspace] Compressed class space mapped at: 0x0000000800b38000-0x0000000840b38000, size: 1073741824
[2020-12-17T15:40:39.717+0100][gc,metaspace] Narrow klass base: 0x0000000800000000, Narrow klass shift: 3, Narrow klass range: 0x100000000
[2020-12-17T15:40:41.029+0100][gc,start    ] GC(0) Pause Young (Normal) (G1 Evacuation Pause)
[2020-12-17T15:40:41.030+0100][gc,task     ] GC(0) Using 4 workers of 4 for evacuation
[2020-12-17T15:40:41.043+0100][gc,phases   ] GC(0)   Pre Evacuate Collection Set: 0,2ms
[2020-12-17T15:40:41.043+0100][gc,phases   ] GC(0)   Merge Heap Roots: 0,5ms
[2020-12-17T15:40:41.043+0100][gc,phases   ] GC(0)   Evacuate Collection Set: 10,5ms
[2020-12-17T15:40:41.043+0100][gc,phases   ] GC(0)   Post Evacuate Collection Set: 1,1ms
[2020-12-17T15:40:41.043+0100][gc,phases   ] GC(0)   Other: 1,4ms
[2020-12-17T15:40:41.043+0100][gc,heap     ] GC(0) Eden regions: 51->0(44)
[2020-12-17T15:40:41.043+0100][gc,heap     ] GC(0) Survivor regions: 0->7(7)
[2020-12-17T15:40:41.043+0100][gc,heap     ] GC(0) Old regions: 0->0
[2020-12-17T15:40:41.043+0100][gc,heap     ] GC(0) Archive regions: 2->2
[2020-12-17T15:40:41.043+0100][gc,heap     ] GC(0) Humongous regions: 0->0
[2020-12-17T15:40:41.043+0100][gc,metaspace] GC(0) Metaspace: 18333K(18944K)->18333K(18944K) NonClass: 16160K(16640K)->16160K(16640K) Class: 2173K(2304K)->2173K(2304K)
[2020-12-17T15:40:41.043+0100][gc          ] GC(0) Pause Young (Normal) (G1 Evacuation Pause) 51M->7M(1024M) 13,549ms
[2020-12-17T15:40:41.043+0100][gc,cpu      ] GC(0) User=0,01s Sys=0,02s Real=0,02s
[2020-12-17T15:40:41.450+0100][gc,start    ] GC(1) Pause Young (Concurrent Start) (Metadata GC Threshold)
[2020-12-17T15:40:41.450+0100][gc,task     ] GC(1) Using 4 workers of 4 for evacuation
[2020-12-17T15:40:41.469+0100][gc,phases   ] GC(1)   Pre Evacuate Collection Set: 0,3ms
[2020-12-17T15:40:41.469+0100][gc,phases   ] GC(1)   Merge Heap Roots: 0,1ms
[2020-12-17T15:40:41.469+0100][gc,phases   ] GC(1)   Evacuate Collection Set: 18,1ms
[2020-12-17T15:40:41.469+0100][gc,phases   ] GC(1)   Post Evacuate Collection Set: 0,9ms
[2020-12-17T15:40:41.469+0100][gc,phases   ] GC(1)   Other: 0,4ms
[2020-12-17T15:40:41.469+0100][gc,heap     ] GC(1) Eden regions: 11->0(49)
[2020-12-17T15:40:41.469+0100][gc,heap     ] GC(1) Survivor regions: 7->2(7)
[2020-12-17T15:40:41.469+0100][gc,heap     ] GC(1) Old regions: 0->7
[2020-12-17T15:40:41.469+0100][gc,heap     ] GC(1) Archive regions: 2->2
[2020-12-17T15:40:41.469+0100][gc,heap     ] GC(1) Humongous regions: 129->129
[2020-12-17T15:40:41.469+0100][gc,metaspace] GC(1) Metaspace: 20781K(21248K)->20781K(21248K) NonClass: 18331K(18688K)->18331K(18688K) Class: 2449K(2560K)->2449K(2560K)
[2020-12-17T15:40:41.469+0100][gc          ] GC(1) Pause Young (Concurrent Start) (Metadata GC Threshold) 147M->137M(1024M) 19,808ms
[2020-12-17T15:40:41.469+0100][gc,cpu      ] GC(1) User=0,01s Sys=0,01s Real=0,02s
[2020-12-17T15:40:41.470+0100][gc          ] GC(2) Concurrent Cycle
[2020-12-17T15:40:41.470+0100][gc,marking  ] GC(2) Concurrent Clear Claimed Marks
[2020-12-17T15:40:41.470+0100][gc,marking  ] GC(2) Concurrent Clear Claimed Marks 0,047ms
[2020-12-17T15:40:41.470+0100][gc,marking  ] GC(2) Concurrent Scan Root Regions
[2020-12-17T15:40:41.475+0100][gc,marking  ] GC(2) Concurrent Scan Root Regions 5,020ms
[2020-12-17T15:40:41.475+0100][gc,marking  ] GC(2) Concurrent Mark (1,771s)
[2020-12-17T15:40:41.475+0100][gc,marking  ] GC(2) Concurrent Mark From Roots
[2020-12-17T15:40:41.475+0100][gc,task     ] GC(2) Using 1 workers of 1 for marking
[2020-12-17T15:40:41.478+0100][gc,marking  ] GC(2) Concurrent Mark From Roots 2,867ms
[2020-12-17T15:40:41.478+0100][gc,marking  ] GC(2) Concurrent Preclean
[2020-12-17T15:40:41.478+0100][gc,marking  ] GC(2) Concurrent Preclean 0,071ms
[2020-12-17T15:40:41.478+0100][gc,marking  ] GC(2) Concurrent Mark (1,771s, 1,774s) 2,980ms
[2020-12-17T15:40:41.478+0100][gc,start    ] GC(2) Pause Remark
[2020-12-17T15:40:41.485+0100][gc          ] GC(2) Pause Remark 137M->137M(1024M) 7,030ms
[2020-12-17T15:40:41.485+0100][gc,cpu      ] GC(2) User=0,00s Sys=0,00s Real=0,01s
[2020-12-17T15:40:41.485+0100][gc,marking  ] GC(2) Concurrent Rebuild Remembered Sets
[2020-12-17T15:40:41.492+0100][gc,marking  ] GC(2) Concurrent Rebuild Remembered Sets 6,820ms
[2020-12-17T15:40:41.493+0100][gc,start    ] GC(2) Pause Cleanup
[2020-12-17T15:40:41.493+0100][gc          ] GC(2) Pause Cleanup 137M->137M(1024M) 0,203ms
[2020-12-17T15:40:41.493+0100][gc,cpu      ] GC(2) User=0,00s Sys=0,00s Real=0,00s
[2020-12-17T15:40:41.493+0100][gc,marking  ] GC(2) Concurrent Cleanup for Next Mark
[2020-12-17T15:40:41.509+0100][gc,marking  ] GC(2) Concurrent Cleanup for Next Mark 16,177ms
[2020-12-17T15:40:41.509+0100][gc          ] GC(2) Concurrent Cycle 39,528ms
[2020-12-17T15:40:42.543+0100][gc,start    ] GC(3) Pause Young (Normal) (G1 Evacuation Pause)
[2020-12-17T15:40:42.543+0100][gc,task     ] GC(3) Using 4 workers of 4 for evacuation
[2020-12-17T15:40:42.553+0100][gc,phases   ] GC(3)   Pre Evacuate Collection Set: 0,3ms
[2020-12-17T15:40:42.553+0100][gc,phases   ] GC(3)   Merge Heap Roots: 0,1ms
[2020-12-17T15:40:42.553+0100][gc,phases   ] GC(3)   Evacuate Collection Set: 8,7ms
[2020-12-17T15:40:42.553+0100][gc,phases   ] GC(3)   Post Evacuate Collection Set: 0,7ms
[2020-12-17T15:40:42.553+0100][gc,phases   ] GC(3)   Other: 0,1ms
[2020-12-17T15:40:42.553+0100][gc,heap     ] GC(3) Eden regions: 49->0(46)
[2020-12-17T15:40:42.553+0100][gc,heap     ] GC(3) Survivor regions: 2->5(7)
[2020-12-17T15:40:42.553+0100][gc,heap     ] GC(3) Old regions: 7->7
[2020-12-17T15:40:42.553+0100][gc,heap     ] GC(3) Archive regions: 2->2
[2020-12-17T15:40:42.553+0100][gc,heap     ] GC(3) Humongous regions: 129->129
[2020-12-17T15:40:42.553+0100][gc,metaspace] GC(3) Metaspace: 32351K(33280K)->32351K(33280K) NonClass: 28900K(29696K)->28900K(29696K) Class: 3451K(3584K)->3451K(3584K)
[2020-12-17T15:40:42.553+0100][gc          ] GC(3) Pause Young (Normal) (G1 Evacuation Pause) 186M->141M(1024M) 9,982ms
[2020-12-17T15:40:42.553+0100][gc,cpu      ] GC(3) User=0,03s Sys=0,00s Real=0,00s
[2020-12-17T15:45:14.468+0100][gc,start    ] GC(4) Pause Young (Concurrent Start) (Metadata GC Threshold)
[2020-12-17T15:45:14.468+0100][gc,task     ] GC(4) Using 4 workers of 4 for evacuation
[2020-12-17T15:45:14.476+0100][gc,phases   ] GC(4)   Pre Evacuate Collection Set: 0,3ms
[2020-12-17T15:45:14.476+0100][gc,phases   ] GC(4)   Merge Heap Roots: 0,1ms
[2020-12-17T15:45:14.476+0100][gc,phases   ] GC(4)   Evacuate Collection Set: 6,6ms
[2020-12-17T15:45:14.476+0100][gc,phases   ] GC(4)   Post Evacuate Collection Set: 0,7ms
[2020-12-17T15:45:14.476+0100][gc,phases   ] GC(4)   Other: 0,2ms
[2020-12-17T15:45:14.476+0100][gc,heap     ] GC(4) Eden regions: 15->0(50)
[2020-12-17T15:45:14.476+0100][gc,heap     ] GC(4) Survivor regions: 5->1(7)
[2020-12-17T15:45:14.476+0100][gc,heap     ] GC(4) Old regions: 7->12
[2020-12-17T15:45:14.476+0100][gc,heap     ] GC(4) Archive regions: 2->2
[2020-12-17T15:45:14.476+0100][gc,heap     ] GC(4) Humongous regions: 129->129
[2020-12-17T15:45:14.476+0100][gc,metaspace] GC(4) Metaspace: 35190K(35840K)->35190K(35840K) NonClass: 31325K(31872K)->31325K(31872K) Class: 3864K(3968K)->3864K(3968K)
[2020-12-17T15:45:14.476+0100][gc          ] GC(4) Pause Young (Concurrent Start) (Metadata GC Threshold) 155M->141M(1024M) 8,168ms
[2020-12-17T15:45:14.476+0100][gc,cpu      ] GC(4) User=0,01s Sys=0,02s Real=0,01s
[2020-12-17T15:45:14.477+0100][gc          ] GC(5) Concurrent Cycle
[2020-12-17T15:45:14.477+0100][gc,marking  ] GC(5) Concurrent Clear Claimed Marks
[2020-12-17T15:45:14.477+0100][gc,marking  ] GC(5) Concurrent Clear Claimed Marks 0,062ms
[2020-12-17T15:45:14.477+0100][gc,marking  ] GC(5) Concurrent Scan Root Regions
[2020-12-17T15:45:14.482+0100][gc,marking  ] GC(5) Concurrent Scan Root Regions 5,187ms
[2020-12-17T15:45:14.482+0100][gc,marking  ] GC(5) Concurrent Mark (274,778s)
[2020-12-17T15:45:14.482+0100][gc,marking  ] GC(5) Concurrent Mark From Roots
[2020-12-17T15:45:14.482+0100][gc,task     ] GC(5) Using 1 workers of 1 for marking
[2020-12-17T15:45:14.507+0100][gc,marking  ] GC(5) Concurrent Mark From Roots 25,452ms
[2020-12-17T15:45:14.507+0100][gc,marking  ] GC(5) Concurrent Preclean
[2020-12-17T15:45:14.507+0100][gc,marking  ] GC(5) Concurrent Preclean 0,117ms
[2020-12-17T15:45:14.507+0100][gc,marking  ] GC(5) Concurrent Mark (274,778s, 274,804s) 25,624ms
[2020-12-17T15:45:14.508+0100][gc,start    ] GC(5) Pause Remark
[2020-12-17T15:45:14.510+0100][gc          ] GC(5) Pause Remark 142M->142M(1024M) 2,053ms
[2020-12-17T15:45:14.510+0100][gc,cpu      ] GC(5) User=0,00s Sys=0,00s Real=0,00s
[2020-12-17T15:45:14.510+0100][gc,marking  ] GC(5) Concurrent Rebuild Remembered Sets
[2020-12-17T15:45:14.522+0100][gc,marking  ] GC(5) Concurrent Rebuild Remembered Sets 12,293ms
[2020-12-17T15:45:14.523+0100][gc,start    ] GC(5) Pause Cleanup
[2020-12-17T15:45:14.524+0100][gc          ] GC(5) Pause Cleanup 142M->142M(1024M) 0,980ms
[2020-12-17T15:45:14.524+0100][gc,cpu      ] GC(5) User=0,00s Sys=0,00s Real=0,00s
[2020-12-17T15:45:14.524+0100][gc,marking  ] GC(5) Concurrent Cleanup for Next Mark
[2020-12-17T15:45:14.535+0100][gc,marking  ] GC(5) Concurrent Cleanup for Next Mark 11,532ms
[2020-12-17T15:45:14.535+0100][gc          ] GC(5) Concurrent Cycle 58,835ms
[2020-12-17T15:56:09.629+0100][gc,start    ] GC(6) Pause Young (Normal) (G1 Evacuation Pause)
[2020-12-17T15:56:09.634+0100][gc,task     ] GC(6) Using 4 workers of 4 for evacuation
[2020-12-17T15:56:09.691+0100][gc,mmu      ] GC(6) MMU target violated: 21,0ms (20,0ms/21,0ms)
[2020-12-17T15:56:09.694+0100][gc,phases   ] GC(6)   Pre Evacuate Collection Set: 11,3ms
[2020-12-17T15:56:09.694+0100][gc,phases   ] GC(6)   Merge Heap Roots: 1,8ms
[2020-12-17T15:56:09.694+0100][gc,phases   ] GC(6)   Evacuate Collection Set: 29,0ms
[2020-12-17T15:56:09.694+0100][gc,phases   ] GC(6)   Post Evacuate Collection Set: 9,2ms
[2020-12-17T15:56:09.694+0100][gc,phases   ] GC(6)   Other: 18,7ms
[2020-12-17T15:56:09.695+0100][gc,heap     ] GC(6) Eden regions: 50->0(47)
[2020-12-17T15:56:09.695+0100][gc,heap     ] GC(6) Survivor regions: 1->4(7)
[2020-12-17T15:56:09.695+0100][gc,heap     ] GC(6) Old regions: 12->12
[2020-12-17T15:56:09.695+0100][gc,heap     ] GC(6) Archive regions: 2->2
[2020-12-17T15:56:09.695+0100][gc,heap     ] GC(6) Humongous regions: 129->129
[2020-12-17T15:56:09.696+0100][gc,metaspace] GC(6) Metaspace: 38695K(39552K)->38695K(39552K) NonClass: 34495K(35072K)->34495K(35072K) Class: 4199K(4480K)->4199K(4480K)
[2020-12-17T15:56:09.696+0100][gc          ] GC(6) Pause Young (Normal) (G1 Evacuation Pause) 191M->144M(1024M) 67,901ms
[2020-12-17T15:56:09.696+0100][gc,cpu      ] GC(6) User=0,06s Sys=0,04s Real=0,07s
[2020-12-17T16:10:47.509+0100][gc,start    ] GC(7) Pause Young (Normal) (G1 Evacuation Pause)
[2020-12-17T16:10:47.510+0100][gc,task     ] GC(7) Using 4 workers of 4 for evacuation
[2020-12-17T16:10:47.533+0100][gc,mmu      ] GC(7) MMU target violated: 21,0ms (20,0ms/21,0ms)
[2020-12-17T16:10:47.534+0100][gc,phases   ] GC(7)   Pre Evacuate Collection Set: 1,0ms
[2020-12-17T16:10:47.534+0100][gc,phases   ] GC(7)   Merge Heap Roots: 0,3ms
[2020-12-17T16:10:47.534+0100][gc,phases   ] GC(7)   Evacuate Collection Set: 18,1ms
[2020-12-17T16:10:47.534+0100][gc,phases   ] GC(7)   Post Evacuate Collection Set: 2,5ms
[2020-12-17T16:10:47.534+0100][gc,phases   ] GC(7)   Other: 2,7ms
[2020-12-17T16:10:47.534+0100][gc,heap     ] GC(7) Eden regions: 47->0(47)
[2020-12-17T16:10:47.534+0100][gc,heap     ] GC(7) Survivor regions: 4->4(7)
[2020-12-17T16:10:47.534+0100][gc,heap     ] GC(7) Old regions: 12->12
[2020-12-17T16:10:47.534+0100][gc,heap     ] GC(7) Archive regions: 2->2
[2020-12-17T16:10:47.534+0100][gc,heap     ] GC(7) Humongous regions: 129->129
[2020-12-17T16:10:47.535+0100][gc,metaspace] GC(7) Metaspace: 39031K(39808K)->39031K(39808K) NonClass: 34817K(35328K)->34817K(35328K) Class: 4214K(4480K)->4214K(4480K)
[2020-12-17T16:10:47.535+0100][gc          ] GC(7) Pause Young (Normal) (G1 Evacuation Pause) 191M->145M(1024M) 25,581ms
[2020-12-17T16:10:47.535+0100][gc,cpu      ] GC(7) User=0,05s Sys=0,00s Real=0,03s
[2020-12-17T16:26:28.332+0100][gc,start    ] GC(8) Pause Young (Normal) (G1 Evacuation Pause)
[2020-12-17T16:26:28.333+0100][gc,task     ] GC(8) Using 4 workers of 4 for evacuation
[2020-12-17T16:26:28.355+0100][gc,mmu      ] GC(8) MMU target violated: 21,0ms (20,0ms/21,0ms)
[2020-12-17T16:26:28.355+0100][gc,phases   ] GC(8)   Pre Evacuate Collection Set: 1,7ms
[2020-12-17T16:26:28.355+0100][gc,phases   ] GC(8)   Merge Heap Roots: 0,3ms
[2020-12-17T16:26:28.355+0100][gc,phases   ] GC(8)   Evacuate Collection Set: 15,3ms
[2020-12-17T16:26:28.355+0100][gc,phases   ] GC(8)   Post Evacuate Collection Set: 4,7ms
[2020-12-17T16:26:28.355+0100][gc,phases   ] GC(8)   Other: 3,9ms
[2020-12-17T16:26:28.356+0100][gc,heap     ] GC(8) Eden regions: 47->0(47)
[2020-12-17T16:26:28.356+0100][gc,heap     ] GC(8) Survivor regions: 4->4(7)
[2020-12-17T16:26:28.356+0100][gc,heap     ] GC(8) Old regions: 12->12
[2020-12-17T16:26:28.356+0100][gc,heap     ] GC(8) Archive regions: 2->2
[2020-12-17T16:26:28.356+0100][gc,heap     ] GC(8) Humongous regions: 129->129
[2020-12-17T16:26:28.356+0100][gc,metaspace] GC(8) Metaspace: 39177K(40064K)->39177K(40064K) NonClass: 34963K(35584K)->34963K(35584K) Class: 4214K(4480K)->4214K(4480K)
[2020-12-17T16:26:28.356+0100][gc          ] GC(8) Pause Young (Normal) (G1 Evacuation Pause) 192M->145M(1024M) 24,094ms
[2020-12-17T16:26:28.356+0100][gc,cpu      ] GC(8) User=0,04s Sys=0,02s Real=0,03s
[2020-12-17T16:41:57.088+0100][gc,start    ] GC(9) Pause Young (Normal) (G1 Evacuation Pause)
[2020-12-17T16:41:57.088+0100][gc,task     ] GC(9) Using 4 workers of 4 for evacuation
[2020-12-17T16:41:57.125+0100][gc,mmu      ] GC(9) MMU target violated: 21,0ms (20,0ms/21,0ms)
[2020-12-17T16:41:57.125+0100][gc,phases   ] GC(9)   Pre Evacuate Collection Set: 2,5ms
[2020-12-17T16:41:57.125+0100][gc,phases   ] GC(9)   Merge Heap Roots: 1,7ms
[2020-12-17T16:41:57.125+0100][gc,phases   ] GC(9)   Evacuate Collection Set: 20,9ms
[2020-12-17T16:41:57.125+0100][gc,phases   ] GC(9)   Post Evacuate Collection Set: 8,9ms
[2020-12-17T16:41:57.125+0100][gc,phases   ] GC(9)   Other: 8,3ms
[2020-12-17T16:41:57.125+0100][gc,heap     ] GC(9) Eden regions: 47->0(48)
[2020-12-17T16:41:57.125+0100][gc,heap     ] GC(9) Survivor regions: 4->3(7)
[2020-12-17T16:41:57.125+0100][gc,heap     ] GC(9) Old regions: 12->14
[2020-12-17T16:41:57.125+0100][gc,heap     ] GC(9) Archive regions: 2->2
[2020-12-17T16:41:57.125+0100][gc,heap     ] GC(9) Humongous regions: 153->129
[2020-12-17T16:41:57.125+0100][gc,metaspace] GC(9) Metaspace: 39271K(40064K)->39271K(40064K) NonClass: 35050K(35584K)->35050K(35584K) Class: 4220K(4480K)->4220K(4480K)
[2020-12-17T16:41:57.125+0100][gc          ] GC(9) Pause Young (Normal) (G1 Evacuation Pause) 216M->145M(1024M) 37,475ms
[2020-12-17T16:41:57.125+0100][gc,cpu      ] GC(9) User=0,06s Sys=0,00s Real=0,04s
[2020-12-17T16:59:11.257+0100][gc,start    ] GC(10) Pause Young (Normal) (G1 Evacuation Pause)
[2020-12-17T16:59:11.258+0100][gc,task     ] GC(10) Using 4 workers of 4 for evacuation
[2020-12-17T16:59:11.272+0100][gc,phases   ] GC(10)   Pre Evacuate Collection Set: 1,6ms
[2020-12-17T16:59:11.272+0100][gc,phases   ] GC(10)   Merge Heap Roots: 0,3ms
[2020-12-17T16:59:11.272+0100][gc,phases   ] GC(10)   Evacuate Collection Set: 10,0ms
[2020-12-17T16:59:11.272+0100][gc,phases   ] GC(10)   Post Evacuate Collection Set: 2,1ms
[2020-12-17T16:59:11.272+0100][gc,phases   ] GC(10)   Other: 0,6ms
[2020-12-17T16:59:11.272+0100][gc,heap     ] GC(10) Eden regions: 48->0(48)
[2020-12-17T16:59:11.272+0100][gc,heap     ] GC(10) Survivor regions: 3->3(7)
[2020-12-17T16:59:11.272+0100][gc,heap     ] GC(10) Old regions: 14->14
[2020-12-17T16:59:11.272+0100][gc,heap     ] GC(10) Archive regions: 2->2
[2020-12-17T16:59:11.272+0100][gc,heap     ] GC(10) Humongous regions: 129->129
[2020-12-17T16:59:11.272+0100][gc,metaspace] GC(10) Metaspace: 39304K(40064K)->39304K(40064K) NonClass: 35084K(35584K)->35084K(35584K) Class: 4220K(4480K)->4220K(4480K)
[2020-12-17T16:59:11.272+0100][gc          ] GC(10) Pause Young (Normal) (G1 Evacuation Pause) 193M->145M(1024M) 14,775ms
[2020-12-17T16:59:11.272+0100][gc,cpu      ] GC(10) User=0,03s Sys=0,00s Real=0,01s
[2020-12-17T17:16:34.461+0100][gc,start    ] GC(11) Pause Young (Normal) (G1 Evacuation Pause)
[2020-12-17T17:16:34.461+0100][gc,task     ] GC(11) Using 4 workers of 4 for evacuation
[2020-12-17T17:16:34.484+0100][gc,mmu      ] GC(11) MMU target violated: 21,0ms (20,0ms/21,0ms)
[2020-12-17T17:16:34.484+0100][gc,phases   ] GC(11)   Pre Evacuate Collection Set: 1,0ms
[2020-12-17T17:16:34.484+0100][gc,phases   ] GC(11)   Merge Heap Roots: 0,3ms
[2020-12-17T17:16:34.484+0100][gc,phases   ] GC(11)   Evacuate Collection Set: 15,2ms
[2020-12-17T17:16:34.484+0100][gc,phases   ] GC(11)   Post Evacuate Collection Set: 5,5ms
[2020-12-17T17:16:34.484+0100][gc,phases   ] GC(11)   Other: 1,2ms
[2020-12-17T17:16:34.484+0100][gc,heap     ] GC(11) Eden regions: 48->0(48)
[2020-12-17T17:16:34.484+0100][gc,heap     ] GC(11) Survivor regions: 3->3(7)
[2020-12-17T17:16:34.484+0100][gc,heap     ] GC(11) Old regions: 14->14
[2020-12-17T17:16:34.484+0100][gc,heap     ] GC(11) Archive regions: 2->2
[2020-12-17T17:16:34.484+0100][gc,heap     ] GC(11) Humongous regions: 129->129
[2020-12-17T17:16:34.484+0100][gc,metaspace] GC(11) Metaspace: 39337K(40064K)->39337K(40064K) NonClass: 35116K(35584K)->35116K(35584K) Class: 4220K(4480K)->4220K(4480K)
[2020-12-17T17:16:34.484+0100][gc          ] GC(11) Pause Young (Normal) (G1 Evacuation Pause) 193M->145M(1024M) 23,486ms
[2020-12-17T17:16:34.484+0100][gc,cpu      ] GC(11) User=0,04s Sys=0,00s Real=0,03s
[2020-12-17T17:33:57.767+0100][gc,start    ] GC(12) Pause Young (Normal) (G1 Evacuation Pause)
[2020-12-17T17:33:57.768+0100][gc,task     ] GC(12) Using 4 workers of 4 for evacuation
[2020-12-17T17:33:57.788+0100][gc,phases   ] GC(12)   Pre Evacuate Collection Set: 1,3ms
[2020-12-17T17:33:57.788+0100][gc,phases   ] GC(12)   Merge Heap Roots: 0,3ms
[2020-12-17T17:33:57.788+0100][gc,phases   ] GC(12)   Evacuate Collection Set: 12,6ms
[2020-12-17T17:33:57.788+0100][gc,phases   ] GC(12)   Post Evacuate Collection Set: 4,1ms
[2020-12-17T17:33:57.788+0100][gc,phases   ] GC(12)   Other: 3,6ms
[2020-12-17T17:33:57.788+0100][gc,heap     ] GC(12) Eden regions: 48->0(48)
[2020-12-17T17:33:57.788+0100][gc,heap     ] GC(12) Survivor regions: 3->3(7)
[2020-12-17T17:33:57.788+0100][gc,heap     ] GC(12) Old regions: 14->14
[2020-12-17T17:33:57.788+0100][gc,heap     ] GC(12) Archive regions: 2->2
[2020-12-17T17:33:57.788+0100][gc,heap     ] GC(12) Humongous regions: 129->129
[2020-12-17T17:33:57.788+0100][gc,metaspace] GC(12) Metaspace: 39350K(40064K)->39350K(40064K) NonClass: 35130K(35584K)->35130K(35584K) Class: 4220K(4480K)->4220K(4480K)
[2020-12-17T17:33:57.788+0100][gc          ] GC(12) Pause Young (Normal) (G1 Evacuation Pause) 193M->146M(1024M) 21,189ms
[2020-12-17T17:33:57.788+0100][gc,cpu      ] GC(12) User=0,00s Sys=0,01s Real=0,02s
[2020-12-17T17:50:24.475+0100][gc,start    ] GC(13) Pause Young (Normal) (G1 Evacuation Pause)
[2020-12-17T17:50:24.480+0100][gc,task     ] GC(13) Using 4 workers of 4 for evacuation
[2020-12-17T17:50:24.692+0100][gc,mmu      ] GC(13) MMU target violated: 21,0ms (20,0ms/21,0ms)
[2020-12-17T17:50:24.692+0100][gc,phases   ] GC(13)   Pre Evacuate Collection Set: 102,8ms
[2020-12-17T17:50:24.692+0100][gc,phases   ] GC(13)   Merge Heap Roots: 4,6ms
[2020-12-17T17:50:24.692+0100][gc,phases   ] GC(13)   Evacuate Collection Set: 93,7ms
[2020-12-17T17:50:24.692+0100][gc,phases   ] GC(13)   Post Evacuate Collection Set: 9,3ms
[2020-12-17T17:50:24.692+0100][gc,phases   ] GC(13)   Other: 14,9ms
[2020-12-17T17:50:24.692+0100][gc,heap     ] GC(13) Eden regions: 48->0(48)
[2020-12-17T17:50:24.692+0100][gc,heap     ] GC(13) Survivor regions: 3->3(7)
[2020-12-17T17:50:24.692+0100][gc,heap     ] GC(13) Old regions: 14->14
[2020-12-17T17:50:24.692+0100][gc,heap     ] GC(13) Archive regions: 2->2
[2020-12-17T17:50:24.692+0100][gc,heap     ] GC(13) Humongous regions: 183->129
[2020-12-17T17:50:24.692+0100][gc,metaspace] GC(13) Metaspace: 39406K(40320K)->39406K(40320K) NonClass: 35186K(35840K)->35186K(35840K) Class: 4220K(4480K)->4220K(4480K)
[2020-12-17T17:50:24.692+0100][gc          ] GC(13) Pause Young (Normal) (G1 Evacuation Pause) 248M->145M(1024M) 217,364ms
[2020-12-17T17:50:24.692+0100][gc,cpu      ] GC(13) User=0,00s Sys=0,20s Real=0,21s
[2020-12-17T18:07:30.525+0100][gc,start    ] GC(14) Pause Young (Normal) (G1 Evacuation Pause)
[2020-12-17T18:07:30.530+0100][gc,task     ] GC(14) Using 4 workers of 4 for evacuation
[2020-12-17T18:07:30.628+0100][gc,mmu      ] GC(14) MMU target violated: 21,0ms (20,0ms/21,0ms)
[2020-12-17T18:07:30.629+0100][gc,phases   ] GC(14)   Pre Evacuate Collection Set: 6,5ms
[2020-12-17T18:07:30.629+0100][gc,phases   ] GC(14)   Merge Heap Roots: 1,2ms
[2020-12-17T18:07:30.629+0100][gc,phases   ] GC(14)   Evacuate Collection Set: 71,7ms
[2020-12-17T18:07:30.629+0100][gc,phases   ] GC(14)   Post Evacuate Collection Set: 14,6ms
[2020-12-17T18:07:30.629+0100][gc,phases   ] GC(14)   Other: 13,9ms
[2020-12-17T18:07:30.629+0100][gc,heap     ] GC(14) Eden regions: 48->0(48)
[2020-12-17T18:07:30.629+0100][gc,heap     ] GC(14) Survivor regions: 3->3(7)
[2020-12-17T18:07:30.629+0100][gc,heap     ] GC(14) Old regions: 14->14
[2020-12-17T18:07:30.629+0100][gc,heap     ] GC(14) Archive regions: 2->2
[2020-12-17T18:07:30.629+0100][gc,heap     ] GC(14) Humongous regions: 291->129
[2020-12-17T18:07:30.630+0100][gc,metaspace] GC(14) Metaspace: 39433K(40320K)->39433K(40320K) NonClass: 35213K(35840K)->35213K(35840K) Class: 4220K(4480K)->4220K(4480K)
[2020-12-17T18:07:30.631+0100][gc          ] GC(14) Pause Young (Normal) (G1 Evacuation Pause) 355M->145M(1024M) 106,345ms
[2020-12-17T18:07:30.631+0100][gc,cpu      ] GC(14) User=0,00s Sys=0,14s Real=0,10s
[2020-12-17T18:24:33.945+0100][gc,start    ] GC(15) Pause Young (Normal) (G1 Evacuation Pause)
[2020-12-17T18:24:33.947+0100][gc,task     ] GC(15) Using 4 workers of 4 for evacuation
[2020-12-17T18:24:33.995+0100][gc,mmu      ] GC(15) MMU target violated: 21,0ms (20,0ms/21,0ms)
[2020-12-17T18:24:33.995+0100][gc,phases   ] GC(15)   Pre Evacuate Collection Set: 3,8ms
[2020-12-17T18:24:33.995+0100][gc,phases   ] GC(15)   Merge Heap Roots: 1,8ms
[2020-12-17T18:24:33.995+0100][gc,phases   ] GC(15)   Evacuate Collection Set: 32,1ms
[2020-12-17T18:24:33.995+0100][gc,phases   ] GC(15)   Post Evacuate Collection Set: 6,1ms
[2020-12-17T18:24:33.995+0100][gc,phases   ] GC(15)   Other: 8,5ms
[2020-12-17T18:24:33.995+0100][gc,heap     ] GC(15) Eden regions: 48->0(48)
[2020-12-17T18:24:33.995+0100][gc,heap     ] GC(15) Survivor regions: 3->3(7)
[2020-12-17T18:24:33.995+0100][gc,heap     ] GC(15) Old regions: 14->14
[2020-12-17T18:24:33.995+0100][gc,heap     ] GC(15) Archive regions: 2->2
[2020-12-17T18:24:33.995+0100][gc,heap     ] GC(15) Humongous regions: 129->129
[2020-12-17T18:24:33.995+0100][gc,metaspace] GC(15) Metaspace: 39436K(40320K)->39436K(40320K) NonClass: 35216K(35840K)->35216K(35840K) Class: 4220K(4480K)->4220K(4480K)
[2020-12-17T18:24:33.996+0100][gc          ] GC(15) Pause Young (Normal) (G1 Evacuation Pause) 193M->146M(1024M) 50,599ms
[2020-12-17T18:24:33.996+0100][gc,cpu      ] GC(15) User=0,01s Sys=0,06s Real=0,05s
[2020-12-17T18:40:54.461+0100][gc,start    ] GC(16) Pause Young (Normal) (G1 Evacuation Pause)
[2020-12-17T18:40:54.461+0100][gc,task     ] GC(16) Using 4 workers of 4 for evacuation
[2020-12-17T18:40:54.485+0100][gc,mmu      ] GC(16) MMU target violated: 21,0ms (20,0ms/21,0ms)
[2020-12-17T18:40:54.485+0100][gc,phases   ] GC(16)   Pre Evacuate Collection Set: 0,8ms
[2020-12-17T18:40:54.485+0100][gc,phases   ] GC(16)   Merge Heap Roots: 0,4ms
[2020-12-17T18:40:54.486+0100][gc,phases   ] GC(16)   Evacuate Collection Set: 19,4ms
[2020-12-17T18:40:54.486+0100][gc,phases   ] GC(16)   Post Evacuate Collection Set: 2,9ms
[2020-12-17T18:40:54.486+0100][gc,phases   ] GC(16)   Other: 0,6ms
[2020-12-17T18:40:54.486+0100][gc,heap     ] GC(16) Eden regions: 48->0(48)
[2020-12-17T18:40:54.486+0100][gc,heap     ] GC(16) Survivor regions: 3->3(7)
[2020-12-17T18:40:54.486+0100][gc,heap     ] GC(16) Old regions: 14->14
[2020-12-17T18:40:54.486+0100][gc,heap     ] GC(16) Archive regions: 2->2
[2020-12-17T18:40:54.486+0100][gc,heap     ] GC(16) Humongous regions: 129->129
[2020-12-17T18:40:54.486+0100][gc,metaspace] GC(16) Metaspace: 39443K(40320K)->39443K(40320K) NonClass: 35223K(35840K)->35223K(35840K) Class: 4220K(4480K)->4220K(4480K)
[2020-12-17T18:40:54.486+0100][gc          ] GC(16) Pause Young (Normal) (G1 Evacuation Pause) 194M->145M(1024M) 25,227ms
[2020-12-17T18:40:54.486+0100][gc,cpu      ] GC(16) User=0,04s Sys=0,00s Real=0,03s
